<?xml version="1.0"?>
<link_info>
   <banner>TI ARM Linker Unix v16.9.3.LTS</banner>
   <copyright>Copyright (c) 1996-2017 Texas Instruments Incorporated</copyright>
   <link_time>0x5a1080d3</link_time>
   <link_errors>0x0</link_errors>
   <output_file>Final_Project_SPI.out</output_file>
   <entry_point>
      <name>_c_int00</name>
      <address>0x3569</address>
   </entry_point>
   <input_file_list>
      <input_file id="fl-2">
         <path>./</path>
         <kind>object</kind>
         <file>main.obj</file>
         <name>main.obj</name>
      </input_file>
      <input_file id="fl-3">
         <path>./</path>
         <kind>object</kind>
         <file>startup_msp432p401r_ccs.obj</file>
         <name>startup_msp432p401r_ccs.obj</name>
      </input_file>
      <input_file id="fl-4">
         <path>./</path>
         <kind>object</kind>
         <file>system_msp432p401r.obj</file>
         <name>system_msp432p401r.obj</name>
      </input_file>
      <input_file id="fl-9">
         <kind>object</kind>
         <file>&lt;internal&gt;</file>
         <name>&lt;internal&gt;</name>
      </input_file>
      <input_file id="fl-bf">
         <path>/Applications/ti/ccsv7/tools/compiler/ti-cgt-arm_16.9.3.LTS/lib/</path>
         <kind>archive</kind>
         <file>rtsv7M4_T_le_v4SPD16_eabi.lib</file>
         <name>boot.obj</name>
      </input_file>
      <input_file id="fl-c0">
         <path>/Applications/ti/ccsv7/tools/compiler/ti-cgt-arm_16.9.3.LTS/lib/</path>
         <kind>archive</kind>
         <file>rtsv7M4_T_le_v4SPD16_eabi.lib</file>
         <name>copy_decompress_lzss.obj</name>
      </input_file>
      <input_file id="fl-c1">
         <path>/Applications/ti/ccsv7/tools/compiler/ti-cgt-arm_16.9.3.LTS/lib/</path>
         <kind>archive</kind>
         <file>rtsv7M4_T_le_v4SPD16_eabi.lib</file>
         <name>copy_decompress_none.obj</name>
      </input_file>
      <input_file id="fl-c2">
         <path>/Applications/ti/ccsv7/tools/compiler/ti-cgt-arm_16.9.3.LTS/lib/</path>
         <kind>archive</kind>
         <file>rtsv7M4_T_le_v4SPD16_eabi.lib</file>
         <name>copy_zero_init.obj</name>
      </input_file>
      <input_file id="fl-c3">
         <path>/Applications/ti/ccsv7/tools/compiler/ti-cgt-arm_16.9.3.LTS/lib/</path>
         <kind>archive</kind>
         <file>rtsv7M4_T_le_v4SPD16_eabi.lib</file>
         <name>exit.obj</name>
      </input_file>
      <input_file id="fl-c4">
         <path>/Applications/ti/ccsv7/tools/compiler/ti-cgt-arm_16.9.3.LTS/lib/</path>
         <kind>archive</kind>
         <file>rtsv7M4_T_le_v4SPD16_eabi.lib</file>
         <name>memcpy_t2.obj</name>
      </input_file>
      <input_file id="fl-c5">
         <path>/Applications/ti/ccsv7/tools/compiler/ti-cgt-arm_16.9.3.LTS/lib/</path>
         <kind>archive</kind>
         <file>rtsv7M4_T_le_v4SPD16_eabi.lib</file>
         <name>memset_t2.obj</name>
      </input_file>
      <input_file id="fl-c6">
         <path>/Applications/ti/ccsv7/tools/compiler/ti-cgt-arm_16.9.3.LTS/lib/</path>
         <kind>archive</kind>
         <file>rtsv7M4_T_le_v4SPD16_eabi.lib</file>
         <name>mpu_init.obj</name>
      </input_file>
      <input_file id="fl-c7">
         <path>/Applications/ti/ccsv7/tools/compiler/ti-cgt-arm_16.9.3.LTS/lib/</path>
         <kind>archive</kind>
         <file>rtsv7M4_T_le_v4SPD16_eabi.lib</file>
         <name>pre_init.obj</name>
      </input_file>
      <input_file id="fl-c8">
         <path>/Applications/ti/ccsv7/tools/compiler/ti-cgt-arm_16.9.3.LTS/lib/</path>
         <kind>archive</kind>
         <file>rtsv7M4_T_le_v4SPD16_eabi.lib</file>
         <name>printf.obj</name>
      </input_file>
      <input_file id="fl-c9">
         <path>/Applications/ti/ccsv7/tools/compiler/ti-cgt-arm_16.9.3.LTS/lib/</path>
         <kind>archive</kind>
         <file>rtsv7M4_T_le_v4SPD16_eabi.lib</file>
         <name>stkdepth_vars.obj</name>
      </input_file>
      <input_file id="fl-ca">
         <path>/Applications/ti/ccsv7/tools/compiler/ti-cgt-arm_16.9.3.LTS/lib/</path>
         <kind>archive</kind>
         <file>rtsv7M4_T_le_v4SPD16_eabi.lib</file>
         <name>_lock.obj</name>
      </input_file>
      <input_file id="fl-cb">
         <path>/Applications/ti/ccsv7/tools/compiler/ti-cgt-arm_16.9.3.LTS/lib/</path>
         <kind>archive</kind>
         <file>rtsv7M4_T_le_v4SPD16_eabi.lib</file>
         <name>_printfi.obj</name>
      </input_file>
      <input_file id="fl-cc">
         <path>/Applications/ti/ccsv7/tools/compiler/ti-cgt-arm_16.9.3.LTS/lib/</path>
         <kind>archive</kind>
         <file>rtsv7M4_T_le_v4SPD16_eabi.lib</file>
         <name>args_main.obj</name>
      </input_file>
      <input_file id="fl-cd">
         <path>/Applications/ti/ccsv7/tools/compiler/ti-cgt-arm_16.9.3.LTS/lib/</path>
         <kind>archive</kind>
         <file>rtsv7M4_T_le_v4SPD16_eabi.lib</file>
         <name>atoi.obj</name>
      </input_file>
      <input_file id="fl-ce">
         <path>/Applications/ti/ccsv7/tools/compiler/ti-cgt-arm_16.9.3.LTS/lib/</path>
         <kind>archive</kind>
         <file>rtsv7M4_T_le_v4SPD16_eabi.lib</file>
         <name>autoinit.obj</name>
      </input_file>
      <input_file id="fl-cf">
         <path>/Applications/ti/ccsv7/tools/compiler/ti-cgt-arm_16.9.3.LTS/lib/</path>
         <kind>archive</kind>
         <file>rtsv7M4_T_le_v4SPD16_eabi.lib</file>
         <name>cpy_tbl.obj</name>
      </input_file>
      <input_file id="fl-d0">
         <path>/Applications/ti/ccsv7/tools/compiler/ti-cgt-arm_16.9.3.LTS/lib/</path>
         <kind>archive</kind>
         <file>rtsv7M4_T_le_v4SPD16_eabi.lib</file>
         <name>ctype.obj</name>
      </input_file>
      <input_file id="fl-d1">
         <path>/Applications/ti/ccsv7/tools/compiler/ti-cgt-arm_16.9.3.LTS/lib/</path>
         <kind>archive</kind>
         <file>rtsv7M4_T_le_v4SPD16_eabi.lib</file>
         <name>defs.obj</name>
      </input_file>
      <input_file id="fl-d2">
         <path>/Applications/ti/ccsv7/tools/compiler/ti-cgt-arm_16.9.3.LTS/lib/</path>
         <kind>archive</kind>
         <file>rtsv7M4_T_le_v4SPD16_eabi.lib</file>
         <name>fd_add_t2.obj</name>
      </input_file>
      <input_file id="fl-d3">
         <path>/Applications/ti/ccsv7/tools/compiler/ti-cgt-arm_16.9.3.LTS/lib/</path>
         <kind>archive</kind>
         <file>rtsv7M4_T_le_v4SPD16_eabi.lib</file>
         <name>fd_cmp_t2.obj</name>
      </input_file>
      <input_file id="fl-d4">
         <path>/Applications/ti/ccsv7/tools/compiler/ti-cgt-arm_16.9.3.LTS/lib/</path>
         <kind>archive</kind>
         <file>rtsv7M4_T_le_v4SPD16_eabi.lib</file>
         <name>fd_div_t2.obj</name>
      </input_file>
      <input_file id="fl-d5">
         <path>/Applications/ti/ccsv7/tools/compiler/ti-cgt-arm_16.9.3.LTS/lib/</path>
         <kind>archive</kind>
         <file>rtsv7M4_T_le_v4SPD16_eabi.lib</file>
         <name>fd_mul_t2.obj</name>
      </input_file>
      <input_file id="fl-d6">
         <path>/Applications/ti/ccsv7/tools/compiler/ti-cgt-arm_16.9.3.LTS/lib/</path>
         <kind>archive</kind>
         <file>rtsv7M4_T_le_v4SPD16_eabi.lib</file>
         <name>fd_toi_t2.obj</name>
      </input_file>
      <input_file id="fl-d7">
         <path>/Applications/ti/ccsv7/tools/compiler/ti-cgt-arm_16.9.3.LTS/lib/</path>
         <kind>archive</kind>
         <file>rtsv7M4_T_le_v4SPD16_eabi.lib</file>
         <name>fputc.obj</name>
      </input_file>
      <input_file id="fl-d8">
         <path>/Applications/ti/ccsv7/tools/compiler/ti-cgt-arm_16.9.3.LTS/lib/</path>
         <kind>archive</kind>
         <file>rtsv7M4_T_le_v4SPD16_eabi.lib</file>
         <name>fputs.obj</name>
      </input_file>
      <input_file id="fl-d9">
         <path>/Applications/ti/ccsv7/tools/compiler/ti-cgt-arm_16.9.3.LTS/lib/</path>
         <kind>archive</kind>
         <file>rtsv7M4_T_le_v4SPD16_eabi.lib</file>
         <name>i_tofd_t2.obj</name>
      </input_file>
      <input_file id="fl-da">
         <path>/Applications/ti/ccsv7/tools/compiler/ti-cgt-arm_16.9.3.LTS/lib/</path>
         <kind>archive</kind>
         <file>rtsv7M4_T_le_v4SPD16_eabi.lib</file>
         <name>lowlev.obj</name>
      </input_file>
      <input_file id="fl-db">
         <path>/Applications/ti/ccsv7/tools/compiler/ti-cgt-arm_16.9.3.LTS/lib/</path>
         <kind>archive</kind>
         <file>rtsv7M4_T_le_v4SPD16_eabi.lib</file>
         <name>ltoa.obj</name>
      </input_file>
      <input_file id="fl-dc">
         <path>/Applications/ti/ccsv7/tools/compiler/ti-cgt-arm_16.9.3.LTS/lib/</path>
         <kind>archive</kind>
         <file>rtsv7M4_T_le_v4SPD16_eabi.lib</file>
         <name>memccpy.obj</name>
      </input_file>
      <input_file id="fl-dd">
         <path>/Applications/ti/ccsv7/tools/compiler/ti-cgt-arm_16.9.3.LTS/lib/</path>
         <kind>archive</kind>
         <file>rtsv7M4_T_le_v4SPD16_eabi.lib</file>
         <name>memchr.obj</name>
      </input_file>
      <input_file id="fl-de">
         <path>/Applications/ti/ccsv7/tools/compiler/ti-cgt-arm_16.9.3.LTS/lib/</path>
         <kind>archive</kind>
         <file>rtsv7M4_T_le_v4SPD16_eabi.lib</file>
         <name>s_frexp.obj</name>
      </input_file>
      <input_file id="fl-df">
         <path>/Applications/ti/ccsv7/tools/compiler/ti-cgt-arm_16.9.3.LTS/lib/</path>
         <kind>archive</kind>
         <file>rtsv7M4_T_le_v4SPD16_eabi.lib</file>
         <name>s_scalbn.obj</name>
      </input_file>
      <input_file id="fl-e0">
         <path>/Applications/ti/ccsv7/tools/compiler/ti-cgt-arm_16.9.3.LTS/lib/</path>
         <kind>archive</kind>
         <file>rtsv7M4_T_le_v4SPD16_eabi.lib</file>
         <name>startup.obj</name>
      </input_file>
      <input_file id="fl-e1">
         <path>/Applications/ti/ccsv7/tools/compiler/ti-cgt-arm_16.9.3.LTS/lib/</path>
         <kind>archive</kind>
         <file>rtsv7M4_T_le_v4SPD16_eabi.lib</file>
         <name>strchr.obj</name>
      </input_file>
      <input_file id="fl-e2">
         <path>/Applications/ti/ccsv7/tools/compiler/ti-cgt-arm_16.9.3.LTS/lib/</path>
         <kind>archive</kind>
         <file>rtsv7M4_T_le_v4SPD16_eabi.lib</file>
         <name>strcmp.obj</name>
      </input_file>
      <input_file id="fl-e3">
         <path>/Applications/ti/ccsv7/tools/compiler/ti-cgt-arm_16.9.3.LTS/lib/</path>
         <kind>archive</kind>
         <file>rtsv7M4_T_le_v4SPD16_eabi.lib</file>
         <name>strlen.obj</name>
      </input_file>
      <input_file id="fl-e4">
         <path>/Applications/ti/ccsv7/tools/compiler/ti-cgt-arm_16.9.3.LTS/lib/</path>
         <kind>archive</kind>
         <file>rtsv7M4_T_le_v4SPD16_eabi.lib</file>
         <name>strncpy.obj</name>
      </input_file>
      <input_file id="fl-e5">
         <path>/Applications/ti/ccsv7/tools/compiler/ti-cgt-arm_16.9.3.LTS/lib/</path>
         <kind>archive</kind>
         <file>rtsv7M4_T_le_v4SPD16_eabi.lib</file>
         <name>trgdrv.obj</name>
      </input_file>
      <input_file id="fl-e6">
         <path>/Applications/ti/ccsv7/tools/compiler/ti-cgt-arm_16.9.3.LTS/lib/</path>
         <kind>archive</kind>
         <file>rtsv7M4_T_le_v4SPD16_eabi.lib</file>
         <name>trgmsg.obj</name>
      </input_file>
      <input_file id="fl-e7">
         <path>/Applications/ti/ccsv7/tools/compiler/ti-cgt-arm_16.9.3.LTS/lib/</path>
         <kind>archive</kind>
         <file>rtsv7M4_T_le_v4SPD16_eabi.lib</file>
         <name>ull_div_t2.obj</name>
      </input_file>
      <input_file id="fl-e8">
         <path>/Applications/ti/ccsv7/tools/compiler/ti-cgt-arm_16.9.3.LTS/lib/</path>
         <kind>archive</kind>
         <file>rtsv7M4_T_le_v4SPD16_eabi.lib</file>
         <name>_io_perm.obj</name>
      </input_file>
      <input_file id="fl-e9">
         <path>/Applications/ti/ccsv7/tools/compiler/ti-cgt-arm_16.9.3.LTS/lib/</path>
         <kind>archive</kind>
         <file>rtsv7M4_T_le_v4SPD16_eabi.lib</file>
         <name>errno.obj</name>
      </input_file>
      <input_file id="fl-ea">
         <path>/Applications/ti/ccsv7/tools/compiler/ti-cgt-arm_16.9.3.LTS/lib/</path>
         <kind>archive</kind>
         <file>rtsv7M4_T_le_v4SPD16_eabi.lib</file>
         <name>fflush.obj</name>
      </input_file>
      <input_file id="fl-eb">
         <path>/Applications/ti/ccsv7/tools/compiler/ti-cgt-arm_16.9.3.LTS/lib/</path>
         <kind>archive</kind>
         <file>rtsv7M4_T_le_v4SPD16_eabi.lib</file>
         <name>fseek.obj</name>
      </input_file>
      <input_file id="fl-ec">
         <path>/Applications/ti/ccsv7/tools/compiler/ti-cgt-arm_16.9.3.LTS/lib/</path>
         <kind>archive</kind>
         <file>rtsv7M4_T_le_v4SPD16_eabi.lib</file>
         <name>s_copysign.obj</name>
      </input_file>
      <input_file id="fl-ed">
         <path>/Applications/ti/ccsv7/tools/compiler/ti-cgt-arm_16.9.3.LTS/lib/</path>
         <kind>archive</kind>
         <file>rtsv7M4_T_le_v4SPD16_eabi.lib</file>
         <name>setvbuf.obj</name>
      </input_file>
      <input_file id="fl-ee">
         <path>/Applications/ti/ccsv7/tools/compiler/ti-cgt-arm_16.9.3.LTS/lib/</path>
         <kind>archive</kind>
         <file>rtsv7M4_T_le_v4SPD16_eabi.lib</file>
         <name>strcpy.obj</name>
      </input_file>
      <input_file id="fl-ef">
         <path>/Applications/ti/ccsv7/tools/compiler/ti-cgt-arm_16.9.3.LTS/lib/</path>
         <kind>archive</kind>
         <file>rtsv7M4_T_le_v4SPD16_eabi.lib</file>
         <name>fopen.obj</name>
      </input_file>
      <input_file id="fl-f0">
         <path>/Applications/ti/ccsv7/tools/compiler/ti-cgt-arm_16.9.3.LTS/lib/</path>
         <kind>archive</kind>
         <file>rtsv7M4_T_le_v4SPD16_eabi.lib</file>
         <name>memory.obj</name>
      </input_file>
      <input_file id="fl-f1">
         <path>/Applications/ti/ccsv7/tools/compiler/ti-cgt-arm_16.9.3.LTS/lib/</path>
         <kind>archive</kind>
         <file>rtsv7M4_T_le_v4SPD16_eabi.lib</file>
         <name>fclose.obj</name>
      </input_file>
      <input_file id="fl-f2">
         <path>/Applications/ti/ccsv7/tools/compiler/ti-cgt-arm_16.9.3.LTS/lib/</path>
         <kind>archive</kind>
         <file>rtsv7M4_T_le_v4SPD16_eabi.lib</file>
         <name>remove.obj</name>
      </input_file>
      <input_file id="fl-f3">
         <path>/Applications/ti/msp432_driverlib_3_21_00_05/driverlib/MSP432P4xx/ccs/</path>
         <kind>archive</kind>
         <file>msp432p4xx_driverlib.lib</file>
         <name>cs.o</name>
      </input_file>
      <input_file id="fl-f4">
         <path>/Applications/ti/msp432_driverlib_3_21_00_05/driverlib/MSP432P4xx/ccs/</path>
         <kind>archive</kind>
         <file>msp432p4xx_driverlib.lib</file>
         <name>gpio.o</name>
      </input_file>
      <input_file id="fl-f5">
         <path>/Applications/ti/msp432_driverlib_3_21_00_05/driverlib/MSP432P4xx/ccs/</path>
         <kind>archive</kind>
         <file>msp432p4xx_driverlib.lib</file>
         <name>interrupt.o</name>
      </input_file>
      <input_file id="fl-f6">
         <path>/Applications/ti/msp432_driverlib_3_21_00_05/driverlib/MSP432P4xx/ccs/</path>
         <kind>archive</kind>
         <file>msp432p4xx_driverlib.lib</file>
         <name>spi.o</name>
      </input_file>
      <input_file id="fl-f7">
         <path>/Applications/ti/msp432_driverlib_3_21_00_05/driverlib/MSP432P4xx/ccs/</path>
         <kind>archive</kind>
         <file>msp432p4xx_driverlib.lib</file>
         <name>sysctl.o</name>
      </input_file>
      <input_file id="fl-f8">
         <path>/Applications/ti/msp432_driverlib_3_21_00_05/driverlib/MSP432P4xx/ccs/</path>
         <kind>archive</kind>
         <file>msp432p4xx_driverlib.lib</file>
         <name>wdt_a.o</name>
      </input_file>
      <input_file id="fl-f9">
         <path>/Applications/ti/msp432_driverlib_3_21_00_05/driverlib/MSP432P4xx/ccs/</path>
         <kind>archive</kind>
         <file>msp432p4xx_driverlib.lib</file>
         <name>cpu.o</name>
      </input_file>
   </input_file_list>
   <object_component_list>
      <object_component id="oc-2c">
         <name>.intvecs:retain</name>
         <load_address>0x0</load_address>
         <run_address>0x0</run_address>
         <size>0xe4</size>
         <input_file_ref idref="fl-3"/>
      </object_component>
      <object_component id="oc-1f9">
         <name>.text</name>
         <load_address>0xe4</load_address>
         <run_address>0xe4</run_address>
         <size>0x113e</size>
         <input_file_ref idref="fl-cb"/>
      </object_component>
      <object_component id="oc-56">
         <name>.text</name>
         <load_address>0x1222</load_address>
         <run_address>0x1222</run_address>
         <size>0x2</size>
         <input_file_ref idref="fl-c6"/>
      </object_component>
      <object_component id="oc-351">
         <name>.text</name>
         <load_address>0x1224</load_address>
         <run_address>0x1224</run_address>
         <size>0x3d0</size>
         <input_file_ref idref="fl-f0"/>
      </object_component>
      <object_component id="oc-be">
         <name>.text</name>
         <load_address>0x15f4</load_address>
         <run_address>0x15f4</run_address>
         <size>0x32c</size>
         <input_file_ref idref="fl-4"/>
      </object_component>
      <object_component id="oc-36e">
         <name>.text</name>
         <load_address>0x1920</load_address>
         <run_address>0x1920</run_address>
         <size>0x324</size>
         <input_file_ref idref="fl-e5"/>
      </object_component>
      <object_component id="oc-26d">
         <name>.text</name>
         <load_address>0x1c44</load_address>
         <run_address>0x1c44</run_address>
         <size>0x30c</size>
         <input_file_ref idref="fl-da"/>
      </object_component>
      <object_component id="oc-283">
         <name>.text</name>
         <load_address>0x1f50</load_address>
         <run_address>0x1f50</run_address>
         <size>0x1f4</size>
         <input_file_ref idref="fl-e7"/>
      </object_component>
      <object_component id="oc-357">
         <name>.text</name>
         <load_address>0x2144</load_address>
         <run_address>0x2144</run_address>
         <size>0x1c4</size>
         <input_file_ref idref="fl-ef"/>
      </object_component>
      <object_component id="oc-2ac">
         <name>.text</name>
         <load_address>0x2308</load_address>
         <run_address>0x2308</run_address>
         <size>0x1b6</size>
         <input_file_ref idref="fl-d2"/>
      </object_component>
      <object_component id="oc-a9">
         <name>.text</name>
         <load_address>0x24be</load_address>
         <run_address>0x24be</run_address>
         <size>0x2</size>
         <input_file_ref idref="fl-e0"/>
      </object_component>
      <object_component id="oc-d1">
         <name>.text:CS_setDCOFrequency</name>
         <load_address>0x24c0</load_address>
         <run_address>0x24c0</run_address>
         <size>0x14c</size>
         <input_file_ref idref="fl-f3"/>
      </object_component>
      <object_component id="oc-7e">
         <name>.text</name>
         <load_address>0x260c</load_address>
         <run_address>0x260c</run_address>
         <size>0x144</size>
         <input_file_ref idref="fl-2"/>
      </object_component>
      <object_component id="oc-292">
         <name>.text</name>
         <load_address>0x2750</load_address>
         <run_address>0x2750</run_address>
         <size>0x136</size>
         <input_file_ref idref="fl-d4"/>
      </object_component>
      <object_component id="oc-1f3">
         <name>.text</name>
         <load_address>0x2888</load_address>
         <run_address>0x2888</run_address>
         <size>0x134</size>
         <input_file_ref idref="fl-d8"/>
      </object_component>
      <object_component id="oc-28d">
         <name>.text</name>
         <load_address>0x29bc</load_address>
         <run_address>0x29bc</run_address>
         <size>0xfc</size>
         <input_file_ref idref="fl-d5"/>
      </object_component>
      <object_component id="oc-2b7">
         <name>.text</name>
         <load_address>0x2ab8</load_address>
         <run_address>0x2ab8</run_address>
         <size>0xfc</size>
         <input_file_ref idref="fl-df"/>
      </object_component>
      <object_component id="oc-d7">
         <name>.text:CS_initClockSignal</name>
         <load_address>0x2bb4</load_address>
         <run_address>0x2bb4</run_address>
         <size>0xe0</size>
         <input_file_ref idref="fl-f3"/>
      </object_component>
      <object_component id="oc-2f5">
         <name>.text</name>
         <load_address>0x2c94</load_address>
         <run_address>0x2c94</run_address>
         <size>0xdc</size>
         <input_file_ref idref="fl-ed"/>
      </object_component>
      <object_component id="oc-267">
         <name>.text</name>
         <load_address>0x2d70</load_address>
         <run_address>0x2d70</run_address>
         <size>0xc8</size>
         <input_file_ref idref="fl-ea"/>
      </object_component>
      <object_component id="oc-261">
         <name>.text</name>
         <load_address>0x2e38</load_address>
         <run_address>0x2e38</run_address>
         <size>0xac</size>
         <input_file_ref idref="fl-e8"/>
      </object_component>
      <object_component id="oc-3e">
         <name>.text</name>
         <load_address>0x2ee4</load_address>
         <run_address>0x2ee4</run_address>
         <size>0x9c</size>
         <input_file_ref idref="fl-c4"/>
      </object_component>
      <object_component id="oc-399">
         <name>.text</name>
         <load_address>0x2f80</load_address>
         <run_address>0x2f80</run_address>
         <size>0x98</size>
         <input_file_ref idref="fl-f1"/>
      </object_component>
      <object_component id="oc-1ed">
         <name>.text</name>
         <load_address>0x3018</load_address>
         <run_address>0x3018</run_address>
         <size>0x98</size>
         <input_file_ref idref="fl-d7"/>
      </object_component>
      <object_component id="oc-288">
         <name>.text:__aeabi_cdcmple</name>
         <load_address>0x30b0</load_address>
         <run_address>0x30b0</run_address>
         <size>0x86</size>
         <input_file_ref idref="fl-d3"/>
      </object_component>
      <object_component id="oc-297">
         <name>.text:__aeabi_cdrcmple</name>
         <load_address>0x3136</load_address>
         <run_address>0x3136</run_address>
         <size>0x86</size>
         <input_file_ref idref="fl-d3"/>
      </object_component>
      <object_component id="oc-4a">
         <name>.text</name>
         <load_address>0x31bc</load_address>
         <run_address>0x31bc</run_address>
         <size>0x7a</size>
         <input_file_ref idref="fl-c5"/>
      </object_component>
      <object_component id="oc-62">
         <name>.text</name>
         <load_address>0x3238</load_address>
         <run_address>0x3238</run_address>
         <size>0x70</size>
         <input_file_ref idref="fl-ce"/>
      </object_component>
      <object_component id="oc-125">
         <name>.text</name>
         <load_address>0x32a8</load_address>
         <run_address>0x32a8</run_address>
         <size>0x70</size>
         <input_file_ref idref="fl-c8"/>
      </object_component>
      <object_component id="oc-14">
         <name>.text:decompress:lzss</name>
         <load_address>0x3318</load_address>
         <run_address>0x3318</run_address>
         <size>0x68</size>
         <input_file_ref idref="fl-c0"/>
      </object_component>
      <object_component id="oc-3a8">
         <name>.text</name>
         <load_address>0x3380</load_address>
         <run_address>0x3380</run_address>
         <size>0x68</size>
         <input_file_ref idref="fl-e6"/>
      </object_component>
      <object_component id="oc-fb">
         <name>.text:Interrupt_enableInterrupt</name>
         <load_address>0x33e8</load_address>
         <run_address>0x33e8</run_address>
         <size>0x64</size>
         <input_file_ref idref="fl-f5"/>
      </object_component>
      <object_component id="oc-2ef">
         <name>.text</name>
         <load_address>0x344c</load_address>
         <run_address>0x344c</run_address>
         <size>0x64</size>
         <input_file_ref idref="fl-eb"/>
      </object_component>
      <object_component id="oc-2b1">
         <name>.text</name>
         <load_address>0x34b0</load_address>
         <run_address>0x34b0</run_address>
         <size>0x64</size>
         <input_file_ref idref="fl-de"/>
      </object_component>
      <object_component id="oc-18c">
         <name>.text:CS_tuneDCOFrequency</name>
         <load_address>0x3514</load_address>
         <run_address>0x3514</run_address>
         <size>0x54</size>
         <input_file_ref idref="fl-f3"/>
      </object_component>
      <object_component id="oc-26">
         <name>.text</name>
         <load_address>0x3568</load_address>
         <run_address>0x3568</run_address>
         <size>0x54</size>
         <input_file_ref idref="fl-bf"/>
      </object_component>
      <object_component id="oc-6e">
         <name>.text</name>
         <load_address>0x35bc</load_address>
         <run_address>0x35bc</run_address>
         <size>0x54</size>
         <input_file_ref idref="fl-c3"/>
      </object_component>
      <object_component id="oc-2a1">
         <name>.text</name>
         <load_address>0x3610</load_address>
         <run_address>0x3610</run_address>
         <size>0x54</size>
         <input_file_ref idref="fl-db"/>
      </object_component>
      <object_component id="oc-186">
         <name>.text:SysCtl_getTLVInfo</name>
         <load_address>0x3664</load_address>
         <run_address>0x3664</run_address>
         <size>0x50</size>
         <input_file_ref idref="fl-f7"/>
      </object_component>
      <object_component id="oc-2c3">
         <name>.text</name>
         <load_address>0x36b4</load_address>
         <run_address>0x36b4</run_address>
         <size>0x4c</size>
         <input_file_ref idref="fl-cd"/>
      </object_component>
      <object_component id="oc-a3">
         <name>.text</name>
         <load_address>0x3700</load_address>
         <run_address>0x3700</run_address>
         <size>0x4c</size>
         <input_file_ref idref="fl-cf"/>
      </object_component>
      <object_component id="oc-e3">
         <name>.text:GPIO_setAsPeripheralModuleFunctionInputPin</name>
         <load_address>0x374c</load_address>
         <run_address>0x374c</run_address>
         <size>0x48</size>
         <input_file_ref idref="fl-f4"/>
      </object_component>
      <object_component id="oc-29c">
         <name>.text</name>
         <load_address>0x3794</load_address>
         <run_address>0x3794</run_address>
         <size>0x48</size>
         <input_file_ref idref="fl-d6"/>
      </object_component>
      <object_component id="oc-308">
         <name>.text</name>
         <load_address>0x37dc</load_address>
         <run_address>0x37dc</run_address>
         <size>0x36</size>
         <input_file_ref idref="fl-e4"/>
      </object_component>
      <object_component id="oc-e9">
         <name>.text:SPI_initSlave</name>
         <load_address>0x3812</load_address>
         <run_address>0x3812</run_address>
         <size>0x32</size>
         <input_file_ref idref="fl-f6"/>
      </object_component>
      <object_component id="oc-19c">
         <name>.text:is_A_Module</name>
         <load_address>0x3844</load_address>
         <run_address>0x3844</run_address>
         <size>0x30</size>
         <input_file_ref idref="fl-f6"/>
      </object_component>
      <object_component id="oc-2a7">
         <name>.text</name>
         <load_address>0x3874</load_address>
         <run_address>0x3874</run_address>
         <size>0x2e</size>
         <input_file_ref idref="fl-d9"/>
      </object_component>
      <object_component id="oc-dd">
         <name>.text:GPIO_setAsInputPin</name>
         <load_address>0x38a4</load_address>
         <run_address>0x38a4</run_address>
         <size>0x2c</size>
         <input_file_ref idref="fl-f4"/>
      </object_component>
      <object_component id="oc-180">
         <name>.text:CS_setDCOCenteredFrequency</name>
         <load_address>0x38d0</load_address>
         <run_address>0x38d0</run_address>
         <size>0x24</size>
         <input_file_ref idref="fl-f3"/>
      </object_component>
      <object_component id="oc-113">
         <name>.text:SPI_getEnabledInterruptStatus</name>
         <load_address>0x38f4</load_address>
         <run_address>0x38f4</run_address>
         <size>0x24</size>
         <input_file_ref idref="fl-f6"/>
      </object_component>
      <object_component id="oc-119">
         <name>.text:SPI_clearInterruptFlag</name>
         <load_address>0x3918</load_address>
         <run_address>0x3918</run_address>
         <size>0x20</size>
         <input_file_ref idref="fl-f6"/>
      </object_component>
      <object_component id="oc-f5">
         <name>.text:SPI_enableInterrupt</name>
         <load_address>0x3938</load_address>
         <run_address>0x3938</run_address>
         <size>0x20</size>
         <input_file_ref idref="fl-f6"/>
      </object_component>
      <object_component id="oc-1d8">
         <name>.text:SPI_getInterruptStatus</name>
         <load_address>0x3958</load_address>
         <run_address>0x3958</run_address>
         <size>0x20</size>
         <input_file_ref idref="fl-f6"/>
      </object_component>
      <object_component id="oc-27b">
         <name>.text</name>
         <load_address>0x3978</load_address>
         <run_address>0x3978</run_address>
         <size>0x20</size>
         <input_file_ref idref="fl-dd"/>
      </object_component>
      <object_component id="oc-2c9">
         <name>.text</name>
         <load_address>0x3998</load_address>
         <run_address>0x3998</run_address>
         <size>0x1c</size>
         <input_file_ref idref="fl-dc"/>
      </object_component>
      <object_component id="oc-ef">
         <name>.text:SPI_enableModule</name>
         <load_address>0x39b4</load_address>
         <run_address>0x39b4</run_address>
         <size>0x1a</size>
         <input_file_ref idref="fl-f6"/>
      </object_component>
      <object_component id="oc-10d">
         <name>.text:SPI_receiveData</name>
         <load_address>0x39ce</load_address>
         <run_address>0x39ce</run_address>
         <size>0x1a</size>
         <input_file_ref idref="fl-f6"/>
      </object_component>
      <object_component id="oc-c5">
         <name>.text:WDT_A_holdTimer</name>
         <load_address>0x39e8</load_address>
         <run_address>0x39e8</run_address>
         <size>0x18</size>
         <input_file_ref idref="fl-f8"/>
      </object_component>
      <object_component id="oc-68">
         <name>.text</name>
         <load_address>0x3a00</load_address>
         <run_address>0x3a00</run_address>
         <size>0x18</size>
         <input_file_ref idref="fl-cc"/>
      </object_component>
      <object_component id="oc-302">
         <name>.text</name>
         <load_address>0x3a18</load_address>
         <run_address>0x3a18</run_address>
         <size>0x18</size>
         <input_file_ref idref="fl-e2"/>
      </object_component>
      <object_component id="oc-2bd">
         <name>.text</name>
         <load_address>0x3a30</load_address>
         <run_address>0x3a30</run_address>
         <size>0x16</size>
         <input_file_ref idref="fl-e1"/>
      </object_component>
      <object_component id="oc-11f">
         <name>.text:Interrupt_disableSleepOnIsrExit</name>
         <load_address>0x3a48</load_address>
         <run_address>0x3a48</run_address>
         <size>0x14</size>
         <input_file_ref idref="fl-f5"/>
      </object_component>
      <object_component id="oc-101">
         <name>.text:Interrupt_enableSleepOnIsrExit</name>
         <load_address>0x3a5c</load_address>
         <run_address>0x3a5c</run_address>
         <size>0x14</size>
         <input_file_ref idref="fl-f5"/>
      </object_component>
      <object_component id="oc-163">
         <name>.text</name>
         <load_address>0x3a70</load_address>
         <run_address>0x3a70</run_address>
         <size>0x14</size>
         <input_file_ref idref="fl-ca"/>
      </object_component>
      <object_component id="oc-332">
         <name>.text</name>
         <load_address>0x3a84</load_address>
         <run_address>0x3a84</run_address>
         <size>0x14</size>
         <input_file_ref idref="fl-ec"/>
      </object_component>
      <object_component id="oc-3ae">
         <name>.text</name>
         <load_address>0x3a98</load_address>
         <run_address>0x3a98</run_address>
         <size>0x14</size>
         <input_file_ref idref="fl-ee"/>
      </object_component>
      <object_component id="oc-275">
         <name>.text</name>
         <load_address>0x3aac</load_address>
         <run_address>0x3aac</run_address>
         <size>0x14</size>
         <input_file_ref idref="fl-e3"/>
      </object_component>
      <object_component id="oc-cb">
         <name>.text:Interrupt_disableMaster</name>
         <load_address>0x3ac0</load_address>
         <run_address>0x3ac0</run_address>
         <size>0x10</size>
         <input_file_ref idref="fl-f5"/>
      </object_component>
      <object_component id="oc-107">
         <name>.text:Interrupt_enableMaster</name>
         <load_address>0x3ad0</load_address>
         <run_address>0x3ad0</run_address>
         <size>0x10</size>
         <input_file_ref idref="fl-f5"/>
      </object_component>
      <object_component id="oc-1e5">
         <name>.text:EUSCI_A_SPI_clearInterruptFlag</name>
         <load_address>0x3ae0</load_address>
         <run_address>0x3ae0</run_address>
         <size>0xe</size>
         <input_file_ref idref="fl-f6"/>
      </object_component>
      <object_component id="oc-1df">
         <name>.text:EUSCI_B_SPI_clearInterruptFlag</name>
         <load_address>0x3aee</load_address>
         <run_address>0x3aee</run_address>
         <size>0xe</size>
         <input_file_ref idref="fl-f6"/>
      </object_component>
      <object_component id="oc-1a">
         <name>.text:decompress:none</name>
         <load_address>0x3afc</load_address>
         <run_address>0x3afc</run_address>
         <size>0xe</size>
         <input_file_ref idref="fl-c1"/>
      </object_component>
      <object_component id="oc-78">
         <name>.text</name>
         <load_address>0x3b0a</load_address>
         <run_address>0x3b0a</run_address>
         <size>0xe</size>
         <input_file_ref idref="fl-3"/>
      </object_component>
      <object_component id="oc-179">
         <name>.text:CPU_cpsid</name>
         <load_address>0x3b18</load_address>
         <run_address>0x3b18</run_address>
         <size>0xc</size>
         <input_file_ref idref="fl-f9"/>
      </object_component>
      <object_component id="oc-1c4">
         <name>.text:CPU_cpsie</name>
         <load_address>0x3b24</load_address>
         <run_address>0x3b24</run_address>
         <size>0xc</size>
         <input_file_ref idref="fl-f9"/>
      </object_component>
      <object_component id="oc-1aa">
         <name>.text:EUSCI_A_SPI_enable</name>
         <load_address>0x3b30</load_address>
         <run_address>0x3b30</run_address>
         <size>0xc</size>
         <input_file_ref idref="fl-f6"/>
      </object_component>
      <object_component id="oc-1a4">
         <name>.text:EUSCI_B_SPI_enable</name>
         <load_address>0x3b3c</load_address>
         <run_address>0x3b3c</run_address>
         <size>0xc</size>
         <input_file_ref idref="fl-f6"/>
      </object_component>
      <object_component id="oc-20">
         <name>.text:decompress:ZI</name>
         <load_address>0x3b48</load_address>
         <run_address>0x3b48</run_address>
         <size>0xc</size>
         <input_file_ref idref="fl-c2"/>
      </object_component>
      <object_component id="oc-1b7">
         <name>.text:EUSCI_A_SPI_enableInterrupt</name>
         <load_address>0x3b54</load_address>
         <run_address>0x3b54</run_address>
         <size>0x8</size>
         <input_file_ref idref="fl-f6"/>
      </object_component>
      <object_component id="oc-252">
         <name>.text:EUSCI_A_SPI_getInterruptStatus</name>
         <load_address>0x3b5c</load_address>
         <run_address>0x3b5c</run_address>
         <size>0x8</size>
         <input_file_ref idref="fl-f6"/>
      </object_component>
      <object_component id="oc-1b1">
         <name>.text:EUSCI_B_SPI_enableInterrupt</name>
         <load_address>0x3b64</load_address>
         <run_address>0x3b64</run_address>
         <size>0x8</size>
         <input_file_ref idref="fl-f6"/>
      </object_component>
      <object_component id="oc-258">
         <name>.text:EUSCI_B_SPI_getInterruptStatus</name>
         <load_address>0x3b6c</load_address>
         <run_address>0x3b6c</run_address>
         <size>0x8</size>
         <input_file_ref idref="fl-f6"/>
      </object_component>
      <object_component id="oc-1cb">
         <name>.text:EUSCI_A_SPI_receiveData</name>
         <load_address>0x3b74</load_address>
         <run_address>0x3b74</run_address>
         <size>0x6</size>
         <input_file_ref idref="fl-f6"/>
      </object_component>
      <object_component id="oc-1d1">
         <name>.text:EUSCI_B_SPI_receiveData</name>
         <load_address>0x3b7a</load_address>
         <run_address>0x3b7a</run_address>
         <size>0x6</size>
         <input_file_ref idref="fl-f6"/>
      </object_component>
      <object_component id="oc-5c">
         <name>.text</name>
         <load_address>0x3b80</load_address>
         <run_address>0x3b80</run_address>
         <size>0x4</size>
         <input_file_ref idref="fl-c7"/>
      </object_component>
      <object_component id="oc-33f">
         <name>.const:.string:_ctypes_</name>
         <load_address>0x3b84</load_address>
         <run_address>0x3b84</run_address>
         <size>0x101</size>
         <input_file_ref idref="fl-d0"/>
      </object_component>
      <object_component id="oc-1be">
         <name>.const</name>
         <load_address>0x3c88</load_address>
         <run_address>0x3c88</run_address>
         <size>0x40</size>
         <input_file_ref idref="fl-f5"/>
      </object_component>
      <object_component id="oc-12b">
         <name>.const:slaveConfig</name>
         <load_address>0x3cc8</load_address>
         <run_address>0x3cc8</run_address>
         <size>0x10</size>
         <input_file_ref idref="fl-2"/>
      </object_component>
      <object_component id="oc-401">
         <name>.cinit..data.load</name>
         <load_address>0x3cd8</load_address>
         <run_address>0x3cd8</run_address>
         <size>0x97</size>
      </object_component>
      <object_component id="oc-3ff">
         <name>__TI_handler_table</name>
         <load_address>0x3d70</load_address>
         <run_address>0x3d70</run_address>
         <size>0xc</size>
      </object_component>
      <object_component id="oc-402">
         <name>.cinit..bss.load</name>
         <load_address>0x3d80</load_address>
         <run_address>0x3d80</run_address>
         <size>0x8</size>
      </object_component>
      <object_component id="oc-400">
         <name>__TI_cinit_table</name>
         <load_address>0x3d88</load_address>
         <run_address>0x3d88</run_address>
         <size>0x10</size>
      </object_component>
      <object_component id="oc-3dc">
         <name>.binit</name>
         <load_address>0x0</load_address>
         <run_address>0x0</run_address>
         <size>0x0</size>
      </object_component>
      <object_component id="oc-131">
         <name>.data</name>
         <load_address>0x20000620</load_address>
         <run_address>0x20000620</run_address>
         <size>0x8</size>
         <input_file_ref idref="fl-2"/>
      </object_component>
      <object_component id="oc-16f">
         <name>.data</name>
         <load_address>0x20000634</load_address>
         <run_address>0x20000634</run_address>
         <size>0x4</size>
         <input_file_ref idref="fl-4"/>
      </object_component>
      <object_component id="oc-b3">
         <name>.data:$O1$$</name>
         <load_address>0x20000600</load_address>
         <run_address>0x20000600</run_address>
         <size>0xc</size>
         <input_file_ref idref="fl-c3"/>
      </object_component>
      <object_component id="oc-74">
         <name>.data</name>
         <load_address>0x20000630</load_address>
         <run_address>0x20000630</run_address>
         <size>0x4</size>
         <input_file_ref idref="fl-c9"/>
      </object_component>
      <object_component id="oc-b6">
         <name>.data:$O1$$</name>
         <load_address>0x20000618</load_address>
         <run_address>0x20000618</run_address>
         <size>0x8</size>
         <input_file_ref idref="fl-ca"/>
      </object_component>
      <object_component id="oc-1ff">
         <name>.data:_ftable</name>
         <load_address>0x20000400</load_address>
         <run_address>0x20000400</run_address>
         <size>0xf0</size>
         <input_file_ref idref="fl-d1"/>
      </object_component>
      <object_component id="oc-2fd">
         <name>.data</name>
         <load_address>0x200005f0</load_address>
         <run_address>0x200005f0</run_address>
         <size>0x10</size>
         <input_file_ref idref="fl-d1"/>
      </object_component>
      <object_component id="oc-30e">
         <name>.data:$O1$$</name>
         <load_address>0x200004f0</load_address>
         <run_address>0x200004f0</run_address>
         <size>0xd0</size>
         <input_file_ref idref="fl-da"/>
      </object_component>
      <object_component id="oc-338">
         <name>.data</name>
         <load_address>0x20000628</load_address>
         <run_address>0x20000628</run_address>
         <size>0x4</size>
         <input_file_ref idref="fl-e9"/>
      </object_component>
      <object_component id="oc-39f">
         <name>.data</name>
         <load_address>0x2000062c</load_address>
         <run_address>0x2000062c</run_address>
         <size>0x4</size>
         <input_file_ref idref="fl-ef"/>
      </object_component>
      <object_component id="oc-395">
         <name>.data:$O1$$</name>
         <load_address>0x2000060c</load_address>
         <run_address>0x2000060c</run_address>
         <size>0xc</size>
         <input_file_ref idref="fl-f0"/>
      </object_component>
      <object_component id="oc-196">
         <name>.data:GPIO_PORT_TO_BASE</name>
         <load_address>0x200005c0</load_address>
         <run_address>0x200005c0</run_address>
         <size>0x30</size>
         <input_file_ref idref="fl-f4"/>
      </object_component>
      <object_component id="oc-3b4">
         <name>.bss:parmbuf</name>
         <uninitialized>true</uninitialized>
         <run_address>0x20000818</run_address>
         <size>0x8</size>
         <input_file_ref idref="fl-e5"/>
      </object_component>
      <object_component id="oc-3c7">
         <name>.bss:_CIOBUF_</name>
         <uninitialized>true</uninitialized>
         <run_address>0x20000638</run_address>
         <size>0x120</size>
         <input_file_ref idref="fl-e6"/>
      </object_component>
      <object_component id="oc-12e">
         <name>.common:receive_var</name>
         <uninitialized>true</uninitialized>
         <run_address>0x200007f8</run_address>
         <size>0x10</size>
      </object_component>
      <object_component id="oc-134">
         <name>.common:receive_var_array</name>
         <uninitialized>true</uninitialized>
         <run_address>0x20000808</run_address>
         <size>0x10</size>
      </object_component>
      <object_component id="oc-3c2">
         <name>.common:__TI_tmpnams</name>
         <uninitialized>true</uninitialized>
         <run_address>0x20000758</run_address>
         <size>0xa0</size>
      </object_component>
      <object_component id="oc-30">
         <name>.sysmem</name>
         <uninitialized>true</uninitialized>
         <run_address>0x20000000</run_address>
         <size>0x8</size>
         <input_file_ref idref="fl-f0"/>
      </object_component>
      <object_component id="oc-404">
         <name>.sysmem</name>
         <uninitialized>true</uninitialized>
         <run_address>0x20000000</run_address>
         <size>0x0</size>
      </object_component>
      <object_component id="oc-2f">
         <name>.stack</name>
         <uninitialized>true</uninitialized>
         <run_address>0x2000fe00</run_address>
         <size>0x0</size>
         <input_file_ref idref="fl-bf"/>
      </object_component>
      <object_component id="oc-403">
         <name>.stack</name>
         <uninitialized>true</uninitialized>
         <run_address>0x2000fe00</run_address>
         <size>0x0</size>
      </object_component>
      <object_component id="oc-12f">
         <name>.debug_info</name>
         <load_address>0x0</load_address>
         <run_address>0x0</run_address>
         <size>0x9ee</size>
         <input_file_ref idref="fl-2"/>
      </object_component>
      <object_component id="oc-132">
         <name>.debug_info</name>
         <load_address>0x9ee</load_address>
         <run_address>0x9ee</run_address>
         <size>0x118</size>
         <input_file_ref idref="fl-2"/>
      </object_component>
      <object_component id="oc-12c">
         <name>.debug_info</name>
         <load_address>0xb06</load_address>
         <run_address>0xb06</run_address>
         <size>0xdd</size>
         <input_file_ref idref="fl-2"/>
      </object_component>
      <object_component id="oc-7f">
         <name>.debug_info</name>
         <load_address>0xbe3</load_address>
         <run_address>0xbe3</run_address>
         <size>0x45f</size>
         <input_file_ref idref="fl-2"/>
      </object_component>
      <object_component id="oc-212">
         <name>.debug_info</name>
         <load_address>0x1042</load_address>
         <run_address>0x1042</run_address>
         <size>0x1055</size>
         <input_file_ref idref="fl-2"/>
      </object_component>
      <object_component id="oc-20d">
         <name>.debug_info</name>
         <load_address>0x2097</load_address>
         <run_address>0x2097</run_address>
         <size>0x37cd</size>
         <input_file_ref idref="fl-2"/>
      </object_component>
      <object_component id="oc-236">
         <name>.debug_info</name>
         <load_address>0x5864</load_address>
         <run_address>0x5864</run_address>
         <size>0x1b5</size>
         <input_file_ref idref="fl-2"/>
      </object_component>
      <object_component id="oc-136">
         <name>.debug_info</name>
         <load_address>0x5a19</load_address>
         <run_address>0x5a19</run_address>
         <size>0x8b</size>
         <input_file_ref idref="fl-2"/>
      </object_component>
      <object_component id="oc-173">
         <name>.debug_info</name>
         <load_address>0x5aa4</load_address>
         <run_address>0x5aa4</run_address>
         <size>0x18b</size>
         <input_file_ref idref="fl-2"/>
      </object_component>
      <object_component id="oc-204">
         <name>.debug_info</name>
         <load_address>0x5c2f</load_address>
         <run_address>0x5c2f</run_address>
         <size>0x4e</size>
         <input_file_ref idref="fl-2"/>
      </object_component>
      <object_component id="oc-217">
         <name>.debug_info</name>
         <load_address>0x5c7d</load_address>
         <run_address>0x5c7d</run_address>
         <size>0x131</size>
         <input_file_ref idref="fl-2"/>
      </object_component>
      <object_component id="oc-86">
         <name>.debug_info</name>
         <load_address>0x5dae</load_address>
         <run_address>0x5dae</run_address>
         <size>0x2bc</size>
         <input_file_ref idref="fl-3"/>
      </object_component>
      <object_component id="oc-2d">
         <name>.debug_info</name>
         <load_address>0x606a</load_address>
         <run_address>0x606a</run_address>
         <size>0xfa</size>
         <input_file_ref idref="fl-3"/>
      </object_component>
      <object_component id="oc-79">
         <name>.debug_info</name>
         <load_address>0x6164</load_address>
         <run_address>0x6164</run_address>
         <size>0x1c1</size>
         <input_file_ref idref="fl-3"/>
      </object_component>
      <object_component id="oc-39">
         <name>.debug_info</name>
         <load_address>0x6325</load_address>
         <run_address>0x6325</run_address>
         <size>0x84</size>
         <input_file_ref idref="fl-3"/>
      </object_component>
      <object_component id="oc-170">
         <name>.debug_info</name>
         <load_address>0x63a9</load_address>
         <run_address>0x63a9</run_address>
         <size>0xf3</size>
         <input_file_ref idref="fl-4"/>
      </object_component>
      <object_component id="oc-bf">
         <name>.debug_info</name>
         <load_address>0x649c</load_address>
         <run_address>0x649c</run_address>
         <size>0x265</size>
         <input_file_ref idref="fl-4"/>
      </object_component>
      <object_component id="oc-27">
         <name>.debug_info</name>
         <load_address>0x6701</load_address>
         <run_address>0x6701</run_address>
         <size>0x160</size>
         <input_file_ref idref="fl-bf"/>
      </object_component>
      <object_component id="oc-90">
         <name>.debug_info</name>
         <load_address>0x6861</load_address>
         <run_address>0x6861</run_address>
         <size>0x293</size>
         <input_file_ref idref="fl-c0"/>
      </object_component>
      <object_component id="oc-15">
         <name>.debug_info</name>
         <load_address>0x6af4</load_address>
         <run_address>0x6af4</run_address>
         <size>0x245</size>
         <input_file_ref idref="fl-c0"/>
      </object_component>
      <object_component id="oc-34">
         <name>.debug_info</name>
         <load_address>0x6d39</load_address>
         <run_address>0x6d39</run_address>
         <size>0x60</size>
         <input_file_ref idref="fl-c0"/>
      </object_component>
      <object_component id="oc-8b">
         <name>.debug_info</name>
         <load_address>0x6d99</load_address>
         <run_address>0x6d99</run_address>
         <size>0x46</size>
         <input_file_ref idref="fl-c0"/>
      </object_component>
      <object_component id="oc-49">
         <name>.debug_info</name>
         <load_address>0x6ddf</load_address>
         <run_address>0x6ddf</run_address>
         <size>0x2da</size>
         <input_file_ref idref="fl-c1"/>
      </object_component>
      <object_component id="oc-1d">
         <name>.debug_info</name>
         <load_address>0x70b9</load_address>
         <run_address>0x70b9</run_address>
         <size>0x1df</size>
         <input_file_ref idref="fl-c1"/>
      </object_component>
      <object_component id="oc-44">
         <name>.debug_info</name>
         <load_address>0x7298</load_address>
         <run_address>0x7298</run_address>
         <size>0x46</size>
         <input_file_ref idref="fl-c1"/>
      </object_component>
      <object_component id="oc-92">
         <name>.debug_info</name>
         <load_address>0x72de</load_address>
         <run_address>0x72de</run_address>
         <size>0x2c</size>
         <input_file_ref idref="fl-c1"/>
      </object_component>
      <object_component id="oc-55">
         <name>.debug_info</name>
         <load_address>0x730a</load_address>
         <run_address>0x730a</run_address>
         <size>0x2c9</size>
         <input_file_ref idref="fl-c2"/>
      </object_component>
      <object_component id="oc-21">
         <name>.debug_info</name>
         <load_address>0x75d3</load_address>
         <run_address>0x75d3</run_address>
         <size>0x1aa</size>
         <input_file_ref idref="fl-c2"/>
      </object_component>
      <object_component id="oc-50">
         <name>.debug_info</name>
         <load_address>0x777d</load_address>
         <run_address>0x777d</run_address>
         <size>0x46</size>
         <input_file_ref idref="fl-c2"/>
      </object_component>
      <object_component id="oc-9a">
         <name>.debug_info</name>
         <load_address>0x77c3</load_address>
         <run_address>0x77c3</run_address>
         <size>0x2c</size>
         <input_file_ref idref="fl-c2"/>
      </object_component>
      <object_component id="oc-ba">
         <name>.debug_info</name>
         <load_address>0x77ef</load_address>
         <run_address>0x77ef</run_address>
         <size>0x3ce</size>
         <input_file_ref idref="fl-c3"/>
      </object_component>
      <object_component id="oc-b4">
         <name>.debug_info</name>
         <load_address>0x7bbd</load_address>
         <run_address>0x7bbd</run_address>
         <size>0x185</size>
         <input_file_ref idref="fl-c3"/>
      </object_component>
      <object_component id="oc-6f">
         <name>.debug_info</name>
         <load_address>0x7d42</load_address>
         <run_address>0x7d42</run_address>
         <size>0x214</size>
         <input_file_ref idref="fl-c3"/>
      </object_component>
      <object_component id="oc-3f">
         <name>.debug_info</name>
         <load_address>0x7f56</load_address>
         <run_address>0x7f56</run_address>
         <size>0x111</size>
         <input_file_ref idref="fl-c4"/>
      </object_component>
      <object_component id="oc-4b">
         <name>.debug_info</name>
         <load_address>0x8067</load_address>
         <run_address>0x8067</run_address>
         <size>0x13f</size>
         <input_file_ref idref="fl-c5"/>
      </object_component>
      <object_component id="oc-57">
         <name>.debug_info</name>
         <load_address>0x81a6</load_address>
         <run_address>0x81a6</run_address>
         <size>0x138</size>
         <input_file_ref idref="fl-c6"/>
      </object_component>
      <object_component id="oc-5d">
         <name>.debug_info</name>
         <load_address>0x82de</load_address>
         <run_address>0x82de</run_address>
         <size>0x148</size>
         <input_file_ref idref="fl-c7"/>
      </object_component>
      <object_component id="oc-203">
         <name>.debug_info</name>
         <load_address>0x8426</load_address>
         <run_address>0x8426</run_address>
         <size>0x3c6</size>
         <input_file_ref idref="fl-c8"/>
      </object_component>
      <object_component id="oc-126">
         <name>.debug_info</name>
         <load_address>0x87ec</load_address>
         <run_address>0x87ec</run_address>
         <size>0x284</size>
         <input_file_ref idref="fl-c8"/>
      </object_component>
      <object_component id="oc-2e6">
         <name>.debug_info</name>
         <load_address>0x8a70</load_address>
         <run_address>0x8a70</run_address>
         <size>0xae</size>
         <input_file_ref idref="fl-c8"/>
      </object_component>
      <object_component id="oc-75">
         <name>.debug_info</name>
         <load_address>0x8b1e</load_address>
         <run_address>0x8b1e</run_address>
         <size>0x109</size>
         <input_file_ref idref="fl-c9"/>
      </object_component>
      <object_component id="oc-16b">
         <name>.debug_info</name>
         <load_address>0x8c27</load_address>
         <run_address>0x8c27</run_address>
         <size>0x2be</size>
         <input_file_ref idref="fl-ca"/>
      </object_component>
      <object_component id="oc-b7">
         <name>.debug_info</name>
         <load_address>0x8ee5</load_address>
         <run_address>0x8ee5</run_address>
         <size>0x113</size>
         <input_file_ref idref="fl-ca"/>
      </object_component>
      <object_component id="oc-164">
         <name>.debug_info</name>
         <load_address>0x8ff8</load_address>
         <run_address>0x8ff8</run_address>
         <size>0x21f</size>
         <input_file_ref idref="fl-ca"/>
      </object_component>
      <object_component id="oc-2d0">
         <name>.debug_info</name>
         <load_address>0x9217</load_address>
         <run_address>0x9217</run_address>
         <size>0x51f</size>
         <input_file_ref idref="fl-cb"/>
      </object_component>
      <object_component id="oc-1fa">
         <name>.debug_info</name>
         <load_address>0x9736</load_address>
         <run_address>0x9736</run_address>
         <size>0x1543</size>
         <input_file_ref idref="fl-cb"/>
      </object_component>
      <object_component id="oc-2d1">
         <name>.debug_info</name>
         <load_address>0xac79</load_address>
         <run_address>0xac79</run_address>
         <size>0x86</size>
         <input_file_ref idref="fl-cb"/>
      </object_component>
      <object_component id="oc-2db">
         <name>.debug_info</name>
         <load_address>0xacff</load_address>
         <run_address>0xacff</run_address>
         <size>0x2c</size>
         <input_file_ref idref="fl-cb"/>
      </object_component>
      <object_component id="oc-348">
         <name>.debug_info</name>
         <load_address>0xad2b</load_address>
         <run_address>0xad2b</run_address>
         <size>0x46</size>
         <input_file_ref idref="fl-cb"/>
      </object_component>
      <object_component id="oc-2d6">
         <name>.debug_info</name>
         <load_address>0xad71</load_address>
         <run_address>0xad71</run_address>
         <size>0x39</size>
         <input_file_ref idref="fl-cb"/>
      </object_component>
      <object_component id="oc-b2">
         <name>.debug_info</name>
         <load_address>0xadaa</load_address>
         <run_address>0xadaa</run_address>
         <size>0x300</size>
         <input_file_ref idref="fl-cc"/>
      </object_component>
      <object_component id="oc-69">
         <name>.debug_info</name>
         <load_address>0xb0aa</load_address>
         <run_address>0xb0aa</run_address>
         <size>0x167</size>
         <input_file_ref idref="fl-cc"/>
      </object_component>
      <object_component id="oc-15c">
         <name>.debug_info</name>
         <load_address>0xb211</load_address>
         <run_address>0xb211</run_address>
         <size>0x5e</size>
         <input_file_ref idref="fl-cc"/>
      </object_component>
      <object_component id="oc-343">
         <name>.debug_info</name>
         <load_address>0xb26f</load_address>
         <run_address>0xb26f</run_address>
         <size>0x2ae</size>
         <input_file_ref idref="fl-cd"/>
      </object_component>
      <object_component id="oc-2c4">
         <name>.debug_info</name>
         <load_address>0xb51d</load_address>
         <run_address>0xb51d</run_address>
         <size>0x171</size>
         <input_file_ref idref="fl-cd"/>
      </object_component>
      <object_component id="oc-b0">
         <name>.debug_info</name>
         <load_address>0xb68e</load_address>
         <run_address>0xb68e</run_address>
         <size>0x483</size>
         <input_file_ref idref="fl-ce"/>
      </object_component>
      <object_component id="oc-64">
         <name>.debug_info</name>
         <load_address>0xbb11</load_address>
         <run_address>0xbb11</run_address>
         <size>0x190</size>
         <input_file_ref idref="fl-ce"/>
      </object_component>
      <object_component id="oc-150">
         <name>.debug_info</name>
         <load_address>0xbca1</load_address>
         <run_address>0xbca1</run_address>
         <size>0x39</size>
         <input_file_ref idref="fl-ce"/>
      </object_component>
      <object_component id="oc-225">
         <name>.debug_info</name>
         <load_address>0xbcda</load_address>
         <run_address>0xbcda</run_address>
         <size>0x39</size>
         <input_file_ref idref="fl-ce"/>
      </object_component>
      <object_component id="oc-155">
         <name>.debug_info</name>
         <load_address>0xbd13</load_address>
         <run_address>0xbd13</run_address>
         <size>0xcd</size>
         <input_file_ref idref="fl-ce"/>
      </object_component>
      <object_component id="oc-14c">
         <name>.debug_info</name>
         <load_address>0xbde0</load_address>
         <run_address>0xbde0</run_address>
         <size>0x37a</size>
         <input_file_ref idref="fl-cf"/>
      </object_component>
      <object_component id="oc-a4">
         <name>.debug_info</name>
         <load_address>0xc15a</load_address>
         <run_address>0xc15a</run_address>
         <size>0x183</size>
         <input_file_ref idref="fl-cf"/>
      </object_component>
      <object_component id="oc-220">
         <name>.debug_info</name>
         <load_address>0xc2dd</load_address>
         <run_address>0xc2dd</run_address>
         <size>0x2c</size>
         <input_file_ref idref="fl-cf"/>
      </object_component>
      <object_component id="oc-38e">
         <name>.debug_info</name>
         <load_address>0xc309</load_address>
         <run_address>0xc309</run_address>
         <size>0xee</size>
         <input_file_ref idref="fl-d0"/>
      </object_component>
      <object_component id="oc-340">
         <name>.debug_info</name>
         <load_address>0xc3f7</load_address>
         <run_address>0xc3f7</run_address>
         <size>0xfa</size>
         <input_file_ref idref="fl-d0"/>
      </object_component>
      <object_component id="oc-2e2">
         <name>.debug_info</name>
         <load_address>0xc4f1</load_address>
         <run_address>0xc4f1</run_address>
         <size>0x139</size>
         <input_file_ref idref="fl-d1"/>
      </object_component>
      <object_component id="oc-200">
         <name>.debug_info</name>
         <load_address>0xc62a</load_address>
         <run_address>0xc62a</run_address>
         <size>0xf7</size>
         <input_file_ref idref="fl-d1"/>
      </object_component>
      <object_component id="oc-2fe">
         <name>.debug_info</name>
         <load_address>0xc721</load_address>
         <run_address>0xc721</run_address>
         <size>0x184</size>
         <input_file_ref idref="fl-d1"/>
      </object_component>
      <object_component id="oc-2ad">
         <name>.debug_info</name>
         <load_address>0xc8a5</load_address>
         <run_address>0xc8a5</run_address>
         <size>0x144</size>
         <input_file_ref idref="fl-d2"/>
      </object_component>
      <object_component id="oc-289">
         <name>.debug_info</name>
         <load_address>0xc9e9</load_address>
         <run_address>0xc9e9</run_address>
         <size>0x120</size>
         <input_file_ref idref="fl-d3"/>
      </object_component>
      <object_component id="oc-298">
         <name>.debug_info</name>
         <load_address>0xcb09</load_address>
         <run_address>0xcb09</run_address>
         <size>0x122</size>
         <input_file_ref idref="fl-d3"/>
      </object_component>
      <object_component id="oc-293">
         <name>.debug_info</name>
         <load_address>0xcc2b</load_address>
         <run_address>0xcc2b</run_address>
         <size>0x132</size>
         <input_file_ref idref="fl-d4"/>
      </object_component>
      <object_component id="oc-28e">
         <name>.debug_info</name>
         <load_address>0xcd5d</load_address>
         <run_address>0xcd5d</run_address>
         <size>0x132</size>
         <input_file_ref idref="fl-d5"/>
      </object_component>
      <object_component id="oc-29d">
         <name>.debug_info</name>
         <load_address>0xce8f</load_address>
         <run_address>0xce8f</run_address>
         <size>0x126</size>
         <input_file_ref idref="fl-d6"/>
      </object_component>
      <object_component id="oc-274">
         <name>.debug_info</name>
         <load_address>0xcfb5</load_address>
         <run_address>0xcfb5</run_address>
         <size>0x378</size>
         <input_file_ref idref="fl-d7"/>
      </object_component>
      <object_component id="oc-1ee">
         <name>.debug_info</name>
         <load_address>0xd32d</load_address>
         <run_address>0xd32d</run_address>
         <size>0x23f</size>
         <input_file_ref idref="fl-d7"/>
      </object_component>
      <object_component id="oc-282">
         <name>.debug_info</name>
         <load_address>0xd56c</load_address>
         <run_address>0xd56c</run_address>
         <size>0x43c</size>
         <input_file_ref idref="fl-d8"/>
      </object_component>
      <object_component id="oc-1f4">
         <name>.debug_info</name>
         <load_address>0xd9a8</load_address>
         <run_address>0xd9a8</run_address>
         <size>0x359</size>
         <input_file_ref idref="fl-d8"/>
      </object_component>
      <object_component id="oc-2a9">
         <name>.debug_info</name>
         <load_address>0xdd01</load_address>
         <run_address>0xdd01</run_address>
         <size>0x124</size>
         <input_file_ref idref="fl-d9"/>
      </object_component>
      <object_component id="oc-312">
         <name>.debug_info</name>
         <load_address>0xde25</load_address>
         <run_address>0xde25</run_address>
         <size>0x63a</size>
         <input_file_ref idref="fl-da"/>
      </object_component>
      <object_component id="oc-30f">
         <name>.debug_info</name>
         <load_address>0xe45f</load_address>
         <run_address>0xe45f</run_address>
         <size>0x116</size>
         <input_file_ref idref="fl-da"/>
      </object_component>
      <object_component id="oc-270">
         <name>.debug_info</name>
         <load_address>0xe575</load_address>
         <run_address>0xe575</run_address>
         <size>0xb0b</size>
         <input_file_ref idref="fl-da"/>
      </object_component>
      <object_component id="oc-378">
         <name>.debug_info</name>
         <load_address>0xf080</load_address>
         <run_address>0xf080</run_address>
         <size>0x120</size>
         <input_file_ref idref="fl-da"/>
      </object_component>
      <object_component id="oc-314">
         <name>.debug_info</name>
         <load_address>0xf1a0</load_address>
         <run_address>0xf1a0</run_address>
         <size>0x2c</size>
         <input_file_ref idref="fl-da"/>
      </object_component>
      <object_component id="oc-328">
         <name>.debug_info</name>
         <load_address>0xf1cc</load_address>
         <run_address>0xf1cc</run_address>
         <size>0x2e6</size>
         <input_file_ref idref="fl-db"/>
      </object_component>
      <object_component id="oc-2a2">
         <name>.debug_info</name>
         <load_address>0xf4b2</load_address>
         <run_address>0xf4b2</run_address>
         <size>0x1c2</size>
         <input_file_ref idref="fl-db"/>
      </object_component>
      <object_component id="oc-345">
         <name>.debug_info</name>
         <load_address>0xf674</load_address>
         <run_address>0xf674</run_address>
         <size>0x28b</size>
         <input_file_ref idref="fl-dc"/>
      </object_component>
      <object_component id="oc-2ca">
         <name>.debug_info</name>
         <load_address>0xf8ff</load_address>
         <run_address>0xf8ff</run_address>
         <size>0x1ab</size>
         <input_file_ref idref="fl-dc"/>
      </object_component>
      <object_component id="oc-31e">
         <name>.debug_info</name>
         <load_address>0xfaaa</load_address>
         <run_address>0xfaaa</run_address>
         <size>0x29a</size>
         <input_file_ref idref="fl-dd"/>
      </object_component>
      <object_component id="oc-27c">
         <name>.debug_info</name>
         <load_address>0xfd44</load_address>
         <run_address>0xfd44</run_address>
         <size>0x242</size>
         <input_file_ref idref="fl-dd"/>
      </object_component>
      <object_component id="oc-32c">
         <name>.debug_info</name>
         <load_address>0xff86</load_address>
         <run_address>0xff86</run_address>
         <size>0x2d9</size>
         <input_file_ref idref="fl-de"/>
      </object_component>
      <object_component id="oc-2b2">
         <name>.debug_info</name>
         <load_address>0x1025f</load_address>
         <run_address>0x1025f</run_address>
         <size>0x18a</size>
         <input_file_ref idref="fl-de"/>
      </object_component>
      <object_component id="oc-32d">
         <name>.debug_info</name>
         <load_address>0x103e9</load_address>
         <run_address>0x103e9</run_address>
         <size>0x2c</size>
         <input_file_ref idref="fl-de"/>
      </object_component>
      <object_component id="oc-33c">
         <name>.debug_info</name>
         <load_address>0x10415</load_address>
         <run_address>0x10415</run_address>
         <size>0x316</size>
         <input_file_ref idref="fl-df"/>
      </object_component>
      <object_component id="oc-2b8">
         <name>.debug_info</name>
         <load_address>0x1072b</load_address>
         <run_address>0x1072b</run_address>
         <size>0x1d5</size>
         <input_file_ref idref="fl-df"/>
      </object_component>
      <object_component id="oc-aa">
         <name>.debug_info</name>
         <load_address>0x10900</load_address>
         <run_address>0x10900</run_address>
         <size>0x145</size>
         <input_file_ref idref="fl-e0"/>
      </object_component>
      <object_component id="oc-33e">
         <name>.debug_info</name>
         <load_address>0x10a45</load_address>
         <run_address>0x10a45</run_address>
         <size>0x28f</size>
         <input_file_ref idref="fl-e1"/>
      </object_component>
      <object_component id="oc-2be">
         <name>.debug_info</name>
         <load_address>0x10cd4</load_address>
         <run_address>0x10cd4</run_address>
         <size>0x244</size>
         <input_file_ref idref="fl-e1"/>
      </object_component>
      <object_component id="oc-36b">
         <name>.debug_info</name>
         <load_address>0x10f18</load_address>
         <run_address>0x10f18</run_address>
         <size>0x27f</size>
         <input_file_ref idref="fl-e2"/>
      </object_component>
      <object_component id="oc-303">
         <name>.debug_info</name>
         <load_address>0x11197</load_address>
         <run_address>0x11197</run_address>
         <size>0x258</size>
         <input_file_ref idref="fl-e2"/>
      </object_component>
      <object_component id="oc-31c">
         <name>.debug_info</name>
         <load_address>0x113ef</load_address>
         <run_address>0x113ef</run_address>
         <size>0x284</size>
         <input_file_ref idref="fl-e3"/>
      </object_component>
      <object_component id="oc-276">
         <name>.debug_info</name>
         <load_address>0x11673</load_address>
         <run_address>0x11673</run_address>
         <size>0x22a</size>
         <input_file_ref idref="fl-e3"/>
      </object_component>
      <object_component id="oc-36d">
         <name>.debug_info</name>
         <load_address>0x1189d</load_address>
         <run_address>0x1189d</run_address>
         <size>0x290</size>
         <input_file_ref idref="fl-e4"/>
      </object_component>
      <object_component id="oc-309">
         <name>.debug_info</name>
         <load_address>0x11b2d</load_address>
         <run_address>0x11b2d</run_address>
         <size>0x259</size>
         <input_file_ref idref="fl-e4"/>
      </object_component>
      <object_component id="oc-3b8">
         <name>.debug_info</name>
         <load_address>0x11d86</load_address>
         <run_address>0x11d86</run_address>
         <size>0x3e9</size>
         <input_file_ref idref="fl-e5"/>
      </object_component>
      <object_component id="oc-3b5">
         <name>.debug_info</name>
         <load_address>0x1216f</load_address>
         <run_address>0x1216f</run_address>
         <size>0xf8</size>
         <input_file_ref idref="fl-e5"/>
      </object_component>
      <object_component id="oc-36f">
         <name>.debug_info</name>
         <load_address>0x12267</load_address>
         <run_address>0x12267</run_address>
         <size>0xab9</size>
         <input_file_ref idref="fl-e5"/>
      </object_component>
      <object_component id="oc-3b9">
         <name>.debug_info</name>
         <load_address>0x12d20</load_address>
         <run_address>0x12d20</run_address>
         <size>0x53</size>
         <input_file_ref idref="fl-e5"/>
      </object_component>
      <object_component id="oc-3cb">
         <name>.debug_info</name>
         <load_address>0x12d73</load_address>
         <run_address>0x12d73</run_address>
         <size>0x2b0</size>
         <input_file_ref idref="fl-e6"/>
      </object_component>
      <object_component id="oc-3c8">
         <name>.debug_info</name>
         <load_address>0x13023</load_address>
         <run_address>0x13023</run_address>
         <size>0xfd</size>
         <input_file_ref idref="fl-e6"/>
      </object_component>
      <object_component id="oc-3a9">
         <name>.debug_info</name>
         <load_address>0x13120</load_address>
         <run_address>0x13120</run_address>
         <size>0x281</size>
         <input_file_ref idref="fl-e6"/>
      </object_component>
      <object_component id="oc-284">
         <name>.debug_info</name>
         <load_address>0x133a1</load_address>
         <run_address>0x133a1</run_address>
         <size>0x17d</size>
         <input_file_ref idref="fl-e7"/>
      </object_component>
      <object_component id="oc-2fc">
         <name>.debug_info</name>
         <load_address>0x1351e</load_address>
         <run_address>0x1351e</run_address>
         <size>0x2eb</size>
         <input_file_ref idref="fl-e8"/>
      </object_component>
      <object_component id="oc-262">
         <name>.debug_info</name>
         <load_address>0x13809</load_address>
         <run_address>0x13809</run_address>
         <size>0x230</size>
         <input_file_ref idref="fl-e8"/>
      </object_component>
      <object_component id="oc-35f">
         <name>.debug_info</name>
         <load_address>0x13a39</load_address>
         <run_address>0x13a39</run_address>
         <size>0xbb</size>
         <input_file_ref idref="fl-e8"/>
      </object_component>
      <object_component id="oc-339">
         <name>.debug_info</name>
         <load_address>0x13af4</load_address>
         <run_address>0x13af4</run_address>
         <size>0xf3</size>
         <input_file_ref idref="fl-e9"/>
      </object_component>
      <object_component id="oc-301">
         <name>.debug_info</name>
         <load_address>0x13be7</load_address>
         <run_address>0x13be7</run_address>
         <size>0x33c</size>
         <input_file_ref idref="fl-ea"/>
      </object_component>
      <object_component id="oc-268">
         <name>.debug_info</name>
         <load_address>0x13f23</load_address>
         <run_address>0x13f23</run_address>
         <size>0x25a</size>
         <input_file_ref idref="fl-ea"/>
      </object_component>
      <object_component id="oc-350">
         <name>.debug_info</name>
         <load_address>0x1417d</load_address>
         <run_address>0x1417d</run_address>
         <size>0x319</size>
         <input_file_ref idref="fl-eb"/>
      </object_component>
      <object_component id="oc-2f0">
         <name>.debug_info</name>
         <load_address>0x14496</load_address>
         <run_address>0x14496</run_address>
         <size>0x1e1</size>
         <input_file_ref idref="fl-eb"/>
      </object_component>
      <object_component id="oc-333">
         <name>.debug_info</name>
         <load_address>0x14677</load_address>
         <run_address>0x14677</run_address>
         <size>0x156</size>
         <input_file_ref idref="fl-ec"/>
      </object_component>
      <object_component id="oc-35e">
         <name>.debug_info</name>
         <load_address>0x147cd</load_address>
         <run_address>0x147cd</run_address>
         <size>0x35a</size>
         <input_file_ref idref="fl-ed"/>
      </object_component>
      <object_component id="oc-2f6">
         <name>.debug_info</name>
         <load_address>0x14b27</load_address>
         <run_address>0x14b27</run_address>
         <size>0x200</size>
         <input_file_ref idref="fl-ed"/>
      </object_component>
      <object_component id="oc-3cd">
         <name>.debug_info</name>
         <load_address>0x14d27</load_address>
         <run_address>0x14d27</run_address>
         <size>0x28a</size>
         <input_file_ref idref="fl-ee"/>
      </object_component>
      <object_component id="oc-3af">
         <name>.debug_info</name>
         <load_address>0x14fb1</load_address>
         <run_address>0x14fb1</run_address>
         <size>0x231</size>
         <input_file_ref idref="fl-ee"/>
      </object_component>
      <object_component id="oc-3a1">
         <name>.debug_info</name>
         <load_address>0x151e2</load_address>
         <run_address>0x151e2</run_address>
         <size>0x3d6</size>
         <input_file_ref idref="fl-ef"/>
      </object_component>
      <object_component id="oc-358">
         <name>.debug_info</name>
         <load_address>0x155b8</load_address>
         <run_address>0x155b8</run_address>
         <size>0x455</size>
         <input_file_ref idref="fl-ef"/>
      </object_component>
      <object_component id="oc-13f">
         <name>.debug_info</name>
         <load_address>0x15a0d</load_address>
         <run_address>0x15a0d</run_address>
         <size>0x2c</size>
         <input_file_ref idref="fl-ef"/>
      </object_component>
      <object_component id="oc-89">
         <name>.debug_info</name>
         <load_address>0x15a39</load_address>
         <run_address>0x15a39</run_address>
         <size>0x3bc</size>
         <input_file_ref idref="fl-f0"/>
      </object_component>
      <object_component id="oc-31">
         <name>.debug_info</name>
         <load_address>0x15df5</load_address>
         <run_address>0x15df5</run_address>
         <size>0x101</size>
         <input_file_ref idref="fl-f0"/>
      </object_component>
      <object_component id="oc-396">
         <name>.debug_info</name>
         <load_address>0x15ef6</load_address>
         <run_address>0x15ef6</run_address>
         <size>0x14c</size>
         <input_file_ref idref="fl-f0"/>
      </object_component>
      <object_component id="oc-352">
         <name>.debug_info</name>
         <load_address>0x16042</load_address>
         <run_address>0x16042</run_address>
         <size>0x885</size>
         <input_file_ref idref="fl-f0"/>
      </object_component>
      <object_component id="oc-144">
         <name>.debug_info</name>
         <load_address>0x168c7</load_address>
         <run_address>0x168c7</run_address>
         <size>0x62</size>
         <input_file_ref idref="fl-f0"/>
      </object_component>
      <object_component id="oc-3c4">
         <name>.debug_info</name>
         <load_address>0x16929</load_address>
         <run_address>0x16929</run_address>
         <size>0x39a</size>
         <input_file_ref idref="fl-f1"/>
      </object_component>
      <object_component id="oc-39a">
         <name>.debug_info</name>
         <load_address>0x16cc3</load_address>
         <run_address>0x16cc3</run_address>
         <size>0x298</size>
         <input_file_ref idref="fl-f1"/>
      </object_component>
      <object_component id="oc-193">
         <name>.debug_info</name>
         <load_address>0x16f5b</load_address>
         <run_address>0x16f5b</run_address>
         <size>0x5ef</size>
         <input_file_ref idref="fl-f3"/>
      </object_component>
      <object_component id="oc-18d">
         <name>.debug_info</name>
         <load_address>0x1754a</load_address>
         <run_address>0x1754a</run_address>
         <size>0x17e</size>
         <input_file_ref idref="fl-f3"/>
      </object_component>
      <object_component id="oc-181">
         <name>.debug_info</name>
         <load_address>0x176c8</load_address>
         <run_address>0x176c8</run_address>
         <size>0x132</size>
         <input_file_ref idref="fl-f3"/>
[...]
      </symbol>
      <symbol id="sm-488">
         <name>write</name>
         <value>0x1c45</value>
         <object_component_ref idref="oc-26d"/>
      </symbol>
      <symbol id="sm-489">
         <name>close</name>
         <value>0x1e55</value>
         <object_component_ref idref="oc-26d"/>
      </symbol>
      <symbol id="sm-48a">
         <name>unlink</name>
         <value>0x1cd5</value>
         <object_component_ref idref="oc-26d"/>
      </symbol>
      <symbol id="sm-499">
         <name>ltoa</name>
         <value>0x3611</value>
         <object_component_ref idref="oc-2a1"/>
      </symbol>
      <symbol id="sm-4a9">
         <name>memccpy</name>
         <value>0x3999</value>
         <object_component_ref idref="oc-2c9"/>
      </symbol>
      <symbol id="sm-4b9">
         <name>memchr</name>
         <value>0x3979</value>
         <object_component_ref idref="oc-27b"/>
      </symbol>
      <symbol id="sm-4d4">
         <name>frexpl</name>
         <value>0x34b1</value>
         <object_component_ref idref="oc-2b1"/>
      </symbol>
      <symbol id="sm-4d5">
         <name>frexp</name>
         <value>0x34b1</value>
         <object_component_ref idref="oc-2b1"/>
      </symbol>
      <symbol id="sm-4f2">
         <name>scalbn</name>
         <value>0x2ab9</value>
         <object_component_ref idref="oc-2b7"/>
      </symbol>
      <symbol id="sm-4f3">
         <name>scalbnl</name>
         <value>0x2ab9</value>
         <object_component_ref idref="oc-2b7"/>
      </symbol>
      <symbol id="sm-4f4">
         <name>ldexpl</name>
         <value>0x2ab9</value>
         <object_component_ref idref="oc-2b7"/>
      </symbol>
      <symbol id="sm-4f5">
         <name>ldexp</name>
         <value>0x2ab9</value>
         <object_component_ref idref="oc-2b7"/>
      </symbol>
      <symbol id="sm-4ff">
         <name>_system_post_cinit</name>
         <value>0x24bf</value>
         <object_component_ref idref="oc-a9"/>
      </symbol>
      <symbol id="sm-50f">
         <name>strchr</name>
         <value>0x3a31</value>
         <object_component_ref idref="oc-2bd"/>
      </symbol>
      <symbol id="sm-51e">
         <name>strcmp</name>
         <value>0x3a19</value>
         <object_component_ref idref="oc-302"/>
      </symbol>
      <symbol id="sm-52c">
         <name>strlen</name>
         <value>0x3aad</value>
         <object_component_ref idref="oc-275"/>
      </symbol>
      <symbol id="sm-53c">
         <name>strncpy</name>
         <value>0x37dd</value>
         <object_component_ref idref="oc-308"/>
      </symbol>
      <symbol id="sm-563">
         <name>HOSTgetenv</name>
         <value>0x1b85</value>
         <object_component_ref idref="oc-36e"/>
      </symbol>
      <symbol id="sm-564">
         <name>HOSTrename</name>
         <value>0x1a2d</value>
         <object_component_ref idref="oc-36e"/>
      </symbol>
      <symbol id="sm-565">
         <name>HOSTclose</name>
         <value>0x1bc3</value>
         <object_component_ref idref="oc-36e"/>
      </symbol>
      <symbol id="sm-566">
         <name>HOSTtime64</name>
         <value>0x19a5</value>
         <object_component_ref idref="oc-36e"/>
      </symbol>
      <symbol id="sm-567">
         <name>HOSTunlink</name>
         <value>0x196d</value>
         <object_component_ref idref="oc-36e"/>
      </symbol>
      <symbol id="sm-568">
         <name>HOSTlseek</name>
         <value>0x1b29</value>
         <object_component_ref idref="oc-36e"/>
      </symbol>
      <symbol id="sm-569">
         <name>HOSTopen</name>
         <value>0x1ad7</value>
         <object_component_ref idref="oc-36e"/>
      </symbol>
      <symbol id="sm-56a">
         <name>HOSTclock</name>
         <value>0x1bfb</value>
         <object_component_ref idref="oc-36e"/>
      </symbol>
      <symbol id="sm-56b">
         <name>HOSTwrite</name>
         <value>0x1921</value>
         <object_component_ref idref="oc-36e"/>
      </symbol>
      <symbol id="sm-56c">
         <name>HOSTread</name>
         <value>0x1a8b</value>
         <object_component_ref idref="oc-36e"/>
      </symbol>
      <symbol id="sm-56d">
         <name>HOSTtime</name>
         <value>0x19f3</value>
         <object_component_ref idref="oc-36e"/>
      </symbol>
      <symbol id="sm-588">
         <name>__TI_readmsg</name>
         <value>0x33b3</value>
         <object_component_ref idref="oc-3a8"/>
      </symbol>
      <symbol id="sm-589">
         <name>C$$IO$$</name>
         <value>0x33af</value>
         <object_component_ref idref="oc-3a8"/>
      </symbol>
      <symbol id="sm-58a">
         <name>__CIOBUF_</name>
         <value>0x20000638</value>
         <object_component_ref idref="oc-3c7"/>
      </symbol>
      <symbol id="sm-58b">
         <name>__TI_writemsg</name>
         <value>0x3381</value>
         <object_component_ref idref="oc-3a8"/>
      </symbol>
      <symbol id="sm-5a7">
         <name>__aeabi_uldivmod</name>
         <value>0x1f51</value>
         <object_component_ref idref="oc-283"/>
      </symbol>
      <symbol id="sm-5c5">
         <name>__TI_wrt_ok</name>
         <value>0x2e39</value>
         <object_component_ref idref="oc-261"/>
      </symbol>
      <symbol id="sm-5c6">
         <name>__TI_rd_ok</name>
         <value>0x2e9b</value>
         <object_component_ref idref="oc-261"/>
      </symbol>
      <symbol id="sm-5ce">
         <name>errno</name>
         <value>0x20000628</value>
         <object_component_ref idref="oc-338"/>
      </symbol>
      <symbol id="sm-5e8">
         <name>__TI_doflush</name>
         <value>0x2d71</value>
         <object_component_ref idref="oc-267"/>
      </symbol>
      <symbol id="sm-5e9">
         <name>fflush</name>
         <value>0x2dbd</value>
         <object_component_ref idref="oc-267"/>
      </symbol>
      <symbol id="sm-5fb">
         <name>fseek</name>
         <value>0x344d</value>
         <object_component_ref idref="oc-2ef"/>
      </symbol>
      <symbol id="sm-605">
         <name>copysign</name>
         <value>0x3a85</value>
         <object_component_ref idref="oc-332"/>
      </symbol>
      <symbol id="sm-606">
         <name>copysignl</name>
         <value>0x3a85</value>
         <object_component_ref idref="oc-332"/>
      </symbol>
      <symbol id="sm-622">
         <name>setvbuf</name>
         <value>0x2c95</value>
         <object_component_ref idref="oc-2f5"/>
      </symbol>
      <symbol id="sm-630">
         <name>strcpy</name>
         <value>0x3a99</value>
         <object_component_ref idref="oc-3ae"/>
      </symbol>
      <symbol id="sm-667">
         <name>__TI_cleanup</name>
         <value>0x220d</value>
         <object_component_ref idref="oc-357"/>
      </symbol>
      <symbol id="sm-668">
         <name>freopen</name>
         <value>0x2239</value>
         <object_component_ref idref="oc-357"/>
      </symbol>
      <symbol id="sm-669">
         <name>fopen</name>
         <value>0x2263</value>
         <object_component_ref idref="oc-357"/>
      </symbol>
      <symbol id="sm-6d8">
         <name>_sys_memory</name>
         <value>0x20000000</value>
         <object_component_ref idref="oc-30"/>
      </symbol>
      <symbol id="sm-6d9">
         <name>free</name>
         <value>0x130f</value>
         <object_component_ref idref="oc-351"/>
      </symbol>
      <symbol id="sm-6da">
         <name>realloc</name>
         <value>0x13d1</value>
         <object_component_ref idref="oc-351"/>
      </symbol>
      <symbol id="sm-6db">
         <name>memalign</name>
         <value>0x14d9</value>
         <object_component_ref idref="oc-351"/>
      </symbol>
      <symbol id="sm-6dc">
         <name>calloc</name>
         <value>0x15c5</value>
         <object_component_ref idref="oc-351"/>
      </symbol>
      <symbol id="sm-6dd">
         <name>malloc</name>
         <value>0x12a5</value>
         <object_component_ref idref="oc-351"/>
      </symbol>
      <symbol id="sm-6de">
         <name>minit</name>
         <value>0x1225</value>
         <object_component_ref idref="oc-351"/>
      </symbol>
      <symbol id="sm-6f4">
         <name>__TI_closefile</name>
         <value>0x2f81</value>
         <object_component_ref idref="oc-399"/>
      </symbol>
      <symbol id="sm-6f5">
         <name>fclose</name>
         <value>0x2fe7</value>
         <object_component_ref idref="oc-399"/>
      </symbol>
      <symbol id="sm-75a">
         <name>CS_setDCOFrequency</name>
         <value>0x24c1</value>
         <object_component_ref idref="oc-d1"/>
      </symbol>
      <symbol id="sm-75b">
         <name>CS_setDCOCenteredFrequency</name>
         <value>0x38d1</value>
         <object_component_ref idref="oc-180"/>
      </symbol>
      <symbol id="sm-75c">
         <name>CS_tuneDCOFrequency</name>
         <value>0x3515</value>
         <object_component_ref idref="oc-18c"/>
      </symbol>
      <symbol id="sm-75d">
         <name>CS_initClockSignal</name>
         <value>0x2bb5</value>
         <object_component_ref idref="oc-d7"/>
      </symbol>
      <symbol id="sm-782">
         <name>GPIO_setAsInputPin</name>
         <value>0x38a5</value>
         <object_component_ref idref="oc-dd"/>
      </symbol>
      <symbol id="sm-783">
         <name>GPIO_setAsPeripheralModuleFunctionInputPin</name>
         <value>0x374d</value>
         <object_component_ref idref="oc-e3"/>
      </symbol>
      <symbol id="sm-7d0">
         <name>Interrupt_disableMaster</name>
         <value>0x3ac1</value>
         <object_component_ref idref="oc-cb"/>
      </symbol>
      <symbol id="sm-7d1">
         <name>Interrupt_enableSleepOnIsrExit</name>
         <value>0x3a5d</value>
         <object_component_ref idref="oc-101"/>
      </symbol>
      <symbol id="sm-7d2">
         <name>Interrupt_enableMaster</name>
         <value>0x3ad1</value>
         <object_component_ref idref="oc-107"/>
      </symbol>
      <symbol id="sm-7d3">
         <name>Interrupt_enableInterrupt</name>
         <value>0x33e9</value>
         <object_component_ref idref="oc-fb"/>
      </symbol>
      <symbol id="sm-7d4">
         <name>Interrupt_disableSleepOnIsrExit</name>
         <value>0x3a49</value>
         <object_component_ref idref="oc-11f"/>
      </symbol>
      <symbol id="sm-877">
         <name>SPI_initSlave</name>
         <value>0x3813</value>
         <object_component_ref idref="oc-e9"/>
      </symbol>
      <symbol id="sm-878">
         <name>EUSCI_B_SPI_receiveData</name>
         <value>0x3b7b</value>
         <object_component_ref idref="oc-1d1"/>
      </symbol>
      <symbol id="sm-879">
         <name>EUSCI_A_SPI_enableInterrupt</name>
         <value>0x3b55</value>
         <object_component_ref idref="oc-1b7"/>
      </symbol>
      <symbol id="sm-87a">
         <name>EUSCI_A_SPI_getInterruptStatus</name>
         <value>0x3b5d</value>
         <object_component_ref idref="oc-252"/>
      </symbol>
      <symbol id="sm-87b">
         <name>EUSCI_B_SPI_getInterruptStatus</name>
         <value>0x3b6d</value>
         <object_component_ref idref="oc-258"/>
      </symbol>
      <symbol id="sm-87c">
         <name>EUSCI_B_SPI_enable</name>
         <value>0x3b3d</value>
         <object_component_ref idref="oc-1a4"/>
      </symbol>
      <symbol id="sm-87d">
         <name>SPI_enableModule</name>
         <value>0x39b5</value>
         <object_component_ref idref="oc-ef"/>
      </symbol>
      <symbol id="sm-87e">
         <name>EUSCI_A_SPI_receiveData</name>
         <value>0x3b75</value>
         <object_component_ref idref="oc-1cb"/>
      </symbol>
      <symbol id="sm-87f">
         <name>SPI_clearInterruptFlag</name>
         <value>0x3919</value>
         <object_component_ref idref="oc-119"/>
      </symbol>
      <symbol id="sm-880">
         <name>EUSCI_B_SPI_clearInterruptFlag</name>
         <value>0x3aef</value>
         <object_component_ref idref="oc-1df"/>
      </symbol>
      <symbol id="sm-881">
         <name>EUSCI_A_SPI_clearInterruptFlag</name>
         <value>0x3ae1</value>
         <object_component_ref idref="oc-1e5"/>
      </symbol>
      <symbol id="sm-882">
         <name>EUSCI_A_SPI_enable</name>
         <value>0x3b31</value>
         <object_component_ref idref="oc-1aa"/>
      </symbol>
      <symbol id="sm-883">
         <name>EUSCI_B_SPI_enableInterrupt</name>
         <value>0x3b65</value>
         <object_component_ref idref="oc-1b1"/>
      </symbol>
      <symbol id="sm-884">
         <name>SPI_receiveData</name>
         <value>0x39cf</value>
         <object_component_ref idref="oc-10d"/>
      </symbol>
      <symbol id="sm-885">
         <name>SPI_getInterruptStatus</name>
         <value>0x3959</value>
         <object_component_ref idref="oc-1d8"/>
      </symbol>
      <symbol id="sm-886">
         <name>SPI_getEnabledInterruptStatus</name>
         <value>0x38f5</value>
         <object_component_ref idref="oc-113"/>
      </symbol>
      <symbol id="sm-887">
         <name>SPI_enableInterrupt</name>
         <value>0x3939</value>
         <object_component_ref idref="oc-f5"/>
      </symbol>
      <symbol id="sm-89c">
         <name>SysCtl_getTLVInfo</name>
         <value>0x3665</value>
         <object_component_ref idref="oc-186"/>
      </symbol>
      <symbol id="sm-8a8">
         <name>WDT_A_holdTimer</name>
         <value>0x39e9</value>
         <object_component_ref idref="oc-c5"/>
      </symbol>
      <symbol id="sm-8ba">
         <name>CPU_cpsie</name>
         <value>0x3b25</value>
         <object_component_ref idref="oc-1c4"/>
      </symbol>
      <symbol id="sm-8bb">
         <name>CPU_cpsid</name>
         <value>0x3b19</value>
         <object_component_ref idref="oc-179"/>
      </symbol>
      <symbol id="sm-8bc">
         <name>__TI_static_base__</name>
         <value>0x0</value>
      </symbol>
      <symbol id="sm-8bf">
         <name>SHT$$INIT_ARRAY$$Limit</name>
         <value>0x0</value>
      </symbol>
      <symbol id="sm-8c0">
         <name>SHT$$INIT_ARRAY$$Base</name>
         <value>0x0</value>
      </symbol>
      <symbol id="sm-8c1">
         <name>NMI_Handler</name>
         <value>0x3b17</value>
      </symbol>
      <symbol id="sm-8c2">
         <name>HardFault_Handler</name>
         <value>0x3b17</value>
      </symbol>
      <symbol id="sm-8c3">
         <name>MemManage_Handler</name>
         <value>0x3b17</value>
      </symbol>
      <symbol id="sm-8c4">
         <name>BusFault_Handler</name>
         <value>0x3b17</value>
      </symbol>
      <symbol id="sm-8c5">
         <name>UsageFault_Handler</name>
         <value>0x3b17</value>
      </symbol>
      <symbol id="sm-8c6">
         <name>SVC_Handler</name>
         <value>0x3b17</value>
      </symbol>
      <symbol id="sm-8c7">
         <name>DebugMon_Handler</name>
         <value>0x3b17</value>
      </symbol>
      <symbol id="sm-8c8">
         <name>PendSV_Handler</name>
         <value>0x3b17</value>
      </symbol>
      <symbol id="sm-8c9">
         <name>SysTick_Handler</name>
         <value>0x3b17</value>
      </symbol>
      <symbol id="sm-8ca">
         <name>PSS_IRQHandler</name>
         <value>0x3b17</value>
      </symbol>
      <symbol id="sm-8cb">
         <name>CS_IRQHandler</name>
         <value>0x3b17</value>
      </symbol>
      <symbol id="sm-8cc">
         <name>PCM_IRQHandler</name>
         <value>0x3b17</value>
      </symbol>
      <symbol id="sm-8cd">
         <name>WDT_A_IRQHandler</name>
         <value>0x3b17</value>
      </symbol>
      <symbol id="sm-8ce">
         <name>FPU_IRQHandler</name>
         <value>0x3b17</value>
      </symbol>
      <symbol id="sm-8cf">
         <name>FLCTL_IRQHandler</name>
         <value>0x3b17</value>
      </symbol>
      <symbol id="sm-8d0">
         <name>COMP_E0_IRQHandler</name>
         <value>0x3b17</value>
      </symbol>
      <symbol id="sm-8d1">
         <name>COMP_E1_IRQHandler</name>
         <value>0x3b17</value>
      </symbol>
      <symbol id="sm-8d2">
         <name>TA0_0_IRQHandler</name>
         <value>0x3b17</value>
      </symbol>
      <symbol id="sm-8d3">
         <name>TA0_N_IRQHandler</name>
         <value>0x3b17</value>
      </symbol>
      <symbol id="sm-8d4">
         <name>TA1_0_IRQHandler</name>
         <value>0x3b17</value>
      </symbol>
      <symbol id="sm-8d5">
         <name>TA1_N_IRQHandler</name>
         <value>0x3b17</value>
      </symbol>
      <symbol id="sm-8d6">
         <name>TA2_0_IRQHandler</name>
         <value>0x3b17</value>
      </symbol>
      <symbol id="sm-8d7">
         <name>TA2_N_IRQHandler</name>
         <value>0x3b17</value>
      </symbol>
      <symbol id="sm-8d8">
         <name>TA3_0_IRQHandler</name>
         <value>0x3b17</value>
      </symbol>
      <symbol id="sm-8d9">
         <name>TA3_N_IRQHandler</name>
         <value>0x3b17</value>
      </symbol>
      <symbol id="sm-8da">
         <name>EUSCIA0_IRQHandler</name>
         <value>0x3b17</value>
      </symbol>
      <symbol id="sm-8db">
         <name>EUSCIA1_IRQHandler</name>
         <value>0x3b17</value>
      </symbol>
      <symbol id="sm-8dc">
         <name>EUSCIA2_IRQHandler</name>
         <value>0x3b17</value>
      </symbol>
      <symbol id="sm-8dd">
         <name>EUSCIA3_IRQHandler</name>
         <value>0x3b17</value>
      </symbol>
      <symbol id="sm-8de">
         <name>EUSCIB0_IRQHandler</name>
         <value>0x268d</value>
      </symbol>
      <symbol id="sm-8df">
         <name>EUSCIB1_IRQHandler</name>
         <value>0x3b17</value>
      </symbol>
      <symbol id="sm-8e0">
         <name>EUSCIB2_IRQHandler</name>
         <value>0x3b17</value>
      </symbol>
      <symbol id="sm-8e1">
         <name>EUSCIB3_IRQHandler</name>
         <value>0x3b17</value>
      </symbol>
      <symbol id="sm-8e2">
         <name>ADC14_IRQHandler</name>
         <value>0x3b17</value>
      </symbol>
      <symbol id="sm-8e3">
         <name>T32_INT1_IRQHandler</name>
         <value>0x3b17</value>
      </symbol>
      <symbol id="sm-8e4">
         <name>T32_INT2_IRQHandler</name>
         <value>0x3b17</value>
      </symbol>
      <symbol id="sm-8e5">
         <name>T32_INTC_IRQHandler</name>
         <value>0x3b17</value>
      </symbol>
      <symbol id="sm-8e6">
         <name>AES256_IRQHandler</name>
         <value>0x3b17</value>
      </symbol>
      <symbol id="sm-8e7">
         <name>RTC_C_IRQHandler</name>
         <value>0x3b17</value>
      </symbol>
      <symbol id="sm-8e8">
         <name>DMA_ERR_IRQHandler</name>
         <value>0x3b17</value>
      </symbol>
      <symbol id="sm-8e9">
         <name>DMA_INT3_IRQHandler</name>
         <value>0x3b17</value>
      </symbol>
      <symbol id="sm-8ea">
         <name>DMA_INT2_IRQHandler</name>
         <value>0x3b17</value>
      </symbol>
      <symbol id="sm-8eb">
         <name>DMA_INT1_IRQHandler</name>
         <value>0x3b17</value>
      </symbol>
      <symbol id="sm-8ec">
         <name>DMA_INT0_IRQHandler</name>
         <value>0x3b17</value>
      </symbol>
      <symbol id="sm-8ed">
         <name>PORT1_IRQHandler</name>
         <value>0x3b17</value>
      </symbol>
      <symbol id="sm-8ee">
         <name>PORT2_IRQHandler</name>
         <value>0x3b17</value>
      </symbol>
      <symbol id="sm-8ef">
         <name>PORT3_IRQHandler</name>
         <value>0x3b17</value>
      </symbol>
      <symbol id="sm-8f0">
         <name>PORT4_IRQHandler</name>
         <value>0x3b17</value>
      </symbol>
      <symbol id="sm-8f1">
         <name>PORT5_IRQHandler</name>
         <value>0x3b17</value>
      </symbol>
      <symbol id="sm-8f2">
         <name>PORT6_IRQHandler</name>
         <value>0x3b17</value>
      </symbol>
      <symbol id="sm-8f3">
         <name>remove</name>
         <value>0x1cd5</value>
      </symbol>
   </symbol_table>
   <title>Link successful</title>
</link_info>
