******************************************************************************
                  TI ARM Linker Unix v16.9.3                   
******************************************************************************
>> Linked Fri Nov 10 13:10:03 2017

OUTPUT FILE NAME:   <Final_Project.out>
ENTRY POINT SYMBOL: "_c_int00"  address: 00003569


MEMORY CONFIGURATION

         name            origin    length      used     unused   attr    fill
----------------------  --------  ---------  --------  --------  ----  --------
  MAIN                  00000000   00040000  00003d98  0003c268  R  X
  INFO                  00200000   00004000  00000000  00004000  R  X
  SRAM_CODE             01000000   00010000  00000a20  0000f5e0  RW X
  SRAM_DATA             20000000   00010000  00000a20  0000f5e0  RW  


SEGMENT ALLOCATION MAP

run origin  load origin   length   init length attrs members
----------  ----------- ---------- ----------- ----- -------
00000000    00000000    00003d98   00003d98    r-x
  00000000    00000000    000000e4   000000e4    r-- .intvecs
  000000e4    000000e4    00003aa0   00003aa0    r-x .text
  00003b84    00003b84    00000154   00000154    r-- .const
  00003cd8    00003cd8    000000c0   000000c0    r-- .cinit
20000000    20000000    00000820   00000000    rw-
  20000000    20000000    00000400   00000000    rw- .sysmem
  20000400    20000400    00000238   00000000    rw- .data
  20000638    20000638    000001e8   00000000    rw- .bss
2000fe00    2000fe00    00000200   00000000    rw-
  2000fe00    2000fe00    00000200   00000000    rw- .stack


SECTION ALLOCATION MAP

 output                                  attributes/
section   page    origin      length       input sections
--------  ----  ----------  ----------   ----------------
.intvecs   0    00000000    000000e4     
                  00000000    000000e4     startup_msp432p401r_ccs.obj (.intvecs:retain)

.text      0    000000e4    00003aa0     
                  000000e4    0000113e     rtsv7M4_T_le_v4SPD16_eabi.lib : _printfi.obj (.text)
                  00001222    00000002                                   : mpu_init.obj (.text)
                  00001224    000003d0                                   : memory.obj (.text)
                  000015f4    0000032c     system_msp432p401r.obj (.text)
                  00001920    00000324     rtsv7M4_T_le_v4SPD16_eabi.lib : trgdrv.obj (.text)
                  00001c44    0000030c                                   : lowlev.obj (.text)
                  00001f50    000001f4                                   : ull_div_t2.obj (.text)
                  00002144    000001c4                                   : fopen.obj (.text)
                  00002308    000001b6                                   : fd_add_t2.obj (.text)
                  000024be    00000002                                   : startup.obj (.text)
                  000024c0    0000014c     msp432p4xx_driverlib.lib : cs.o (.text:CS_setDCOFrequency)
                  0000260c    00000144     main.obj (.text)
                  00002750    00000136     rtsv7M4_T_le_v4SPD16_eabi.lib : fd_div_t2.obj (.text)
                  00002886    00000002     --HOLE-- [fill = 0]
                  00002888    00000134                                   : fputs.obj (.text)
                  000029bc    000000fc                                   : fd_mul_t2.obj (.text)
                  00002ab8    000000fc                                   : s_scalbn.obj (.text)
                  00002bb4    000000e0     msp432p4xx_driverlib.lib : cs.o (.text:CS_initClockSignal)
                  00002c94    000000dc     rtsv7M4_T_le_v4SPD16_eabi.lib : setvbuf.obj (.text)
                  00002d70    000000c8                                   : fflush.obj (.text)
                  00002e38    000000ac                                   : _io_perm.obj (.text)
                  00002ee4    0000009c                                   : memcpy_t2.obj (.text)
                  00002f80    00000098                                   : fclose.obj (.text)
                  00003018    00000098                                   : fputc.obj (.text)
                  000030b0    00000086                                   : fd_cmp_t2.obj (.text:__aeabi_cdcmple)
                  00003136    00000086                                   : fd_cmp_t2.obj (.text:__aeabi_cdrcmple)
                  000031bc    0000007a                                   : memset_t2.obj (.text)
                  00003236    00000002     --HOLE-- [fill = 0]
                  00003238    00000070                                   : autoinit.obj (.text)
                  000032a8    00000070                                   : printf.obj (.text)
                  00003318    00000068                                   : copy_decompress_lzss.obj (.text:decompress:lzss)
                  00003380    00000068                                   : trgmsg.obj (.text)
                  000033e8    00000064     msp432p4xx_driverlib.lib : interrupt.o (.text:Interrupt_enableInterrupt)
                  0000344c    00000064     rtsv7M4_T_le_v4SPD16_eabi.lib : fseek.obj (.text)
                  000034b0    00000064                                   : s_frexp.obj (.text)
                  00003514    00000054     msp432p4xx_driverlib.lib : cs.o (.text:CS_tuneDCOFrequency)
                  00003568    00000054     rtsv7M4_T_le_v4SPD16_eabi.lib : boot.obj (.text)
                  000035bc    00000054                                   : exit.obj (.text)
                  00003610    00000054                                   : ltoa.obj (.text)
                  00003664    00000050     msp432p4xx_driverlib.lib : sysctl.o (.text:SysCtl_getTLVInfo)
                  000036b4    0000004c     rtsv7M4_T_le_v4SPD16_eabi.lib : atoi.obj (.text)
                  00003700    0000004c                                   : cpy_tbl.obj (.text)
                  0000374c    00000048     msp432p4xx_driverlib.lib : gpio.o (.text:GPIO_setAsPeripheralModuleFunctionInputPin)
                  00003794    00000048     rtsv7M4_T_le_v4SPD16_eabi.lib : fd_toi_t2.obj (.text)
                  000037dc    00000036                                   : strncpy.obj (.text)
                  00003812    00000032     msp432p4xx_driverlib.lib : spi.o (.text:SPI_initSlave)
                  00003844    00000030                              : spi.o (.text:is_A_Module)
                  00003874    0000002e     rtsv7M4_T_le_v4SPD16_eabi.lib : i_tofd_t2.obj (.text)
                  000038a2    00000002     --HOLE-- [fill = 0]
                  000038a4    0000002c     msp432p4xx_driverlib.lib : gpio.o (.text:GPIO_setAsInputPin)
                  000038d0    00000024                              : cs.o (.text:CS_setDCOCenteredFrequency)
                  000038f4    00000024                              : spi.o (.text:SPI_getEnabledInterruptStatus)
                  00003918    00000020                              : spi.o (.text:SPI_clearInterruptFlag)
                  00003938    00000020                              : spi.o (.text:SPI_enableInterrupt)
                  00003958    00000020                              : spi.o (.text:SPI_getInterruptStatus)
                  00003978    00000020     rtsv7M4_T_le_v4SPD16_eabi.lib : memchr.obj (.text)
                  00003998    0000001c                                   : memccpy.obj (.text)
                  000039b4    0000001a     msp432p4xx_driverlib.lib : spi.o (.text:SPI_enableModule)
                  000039ce    0000001a                              : spi.o (.text:SPI_receiveData)
                  000039e8    00000018                              : wdt_a.o (.text:WDT_A_holdTimer)
                  00003a00    00000018     rtsv7M4_T_le_v4SPD16_eabi.lib : args_main.obj (.text)
                  00003a18    00000018                                   : strcmp.obj (.text)
                  00003a30    00000016                                   : strchr.obj (.text)
                  00003a46    00000002     --HOLE-- [fill = 0]
                  00003a48    00000014     msp432p4xx_driverlib.lib : interrupt.o (.text:Interrupt_disableSleepOnIsrExit)
                  00003a5c    00000014                              : interrupt.o (.text:Interrupt_enableSleepOnIsrExit)
                  00003a70    00000014     rtsv7M4_T_le_v4SPD16_eabi.lib : _lock.obj (.text)
                  00003a84    00000014                                   : s_copysign.obj (.text)
                  00003a98    00000014                                   : strcpy.obj (.text)
                  00003aac    00000014                                   : strlen.obj (.text)
                  00003ac0    00000010     msp432p4xx_driverlib.lib : interrupt.o (.text:Interrupt_disableMaster)
                  00003ad0    00000010                              : interrupt.o (.text:Interrupt_enableMaster)
                  00003ae0    0000000e                              : spi.o (.text:EUSCI_A_SPI_clearInterruptFlag)
                  00003aee    0000000e                              : spi.o (.text:EUSCI_B_SPI_clearInterruptFlag)
                  00003afc    0000000e     rtsv7M4_T_le_v4SPD16_eabi.lib : copy_decompress_none.obj (.text:decompress:none)
                  00003b0a    0000000e     startup_msp432p401r_ccs.obj (.text)
                  00003b18    0000000c     msp432p4xx_driverlib.lib : cpu.o (.text:CPU_cpsid)
                  00003b24    0000000c                              : cpu.o (.text:CPU_cpsie)
                  00003b30    0000000c                              : spi.o (.text:EUSCI_A_SPI_enable)
                  00003b3c    0000000c                              : spi.o (.text:EUSCI_B_SPI_enable)
                  00003b48    0000000c     rtsv7M4_T_le_v4SPD16_eabi.lib : copy_zero_init.obj (.text:decompress:ZI)
                  00003b54    00000008     msp432p4xx_driverlib.lib : spi.o (.text:EUSCI_A_SPI_enableInterrupt)
                  00003b5c    00000008                              : spi.o (.text:EUSCI_A_SPI_getInterruptStatus)
                  00003b64    00000008                              : spi.o (.text:EUSCI_B_SPI_enableInterrupt)
                  00003b6c    00000008                              : spi.o (.text:EUSCI_B_SPI_getInterruptStatus)
                  00003b74    00000006                              : spi.o (.text:EUSCI_A_SPI_receiveData)
                  00003b7a    00000006                              : spi.o (.text:EUSCI_B_SPI_receiveData)
                  00003b80    00000004     rtsv7M4_T_le_v4SPD16_eabi.lib : pre_init.obj (.text)

.const     0    00003b84    00000154     
                  00003b84    00000101     rtsv7M4_T_le_v4SPD16_eabi.lib : ctype.obj (.const:.string:_ctypes_)
                  00003c85    00000003     --HOLE-- [fill = 0]
                  00003c88    00000040     msp432p4xx_driverlib.lib : interrupt.o (.const)
                  00003cc8    00000010     main.obj (.const:slaveConfig)

.cinit     0    00003cd8    000000c0     
                  00003cd8    00000097     (.cinit..data.load) [load image, compression = lzss]
                  00003d6f    00000001     --HOLE-- [fill = 0]
                  00003d70    0000000c     (__TI_handler_table)
                  00003d7c    00000004     --HOLE-- [fill = 0]
                  00003d80    00000008     (.cinit..bss.load) [load image, compression = zero_init]
                  00003d88    00000010     (__TI_cinit_table)

.init_array 
*          0    00000000    00000000     UNINITIALIZED

.binit     0    00000000    00000000     

.sysmem    0    20000000    00000400     UNINITIALIZED
                  20000000    00000008     rtsv7M4_T_le_v4SPD16_eabi.lib : memory.obj (.sysmem)
                  20000008    000003f8     --HOLE--

.data      0    20000400    00000238     UNINITIALIZED
                  20000400    000000f0     rtsv7M4_T_le_v4SPD16_eabi.lib : defs.obj (.data:_ftable)
                  200004f0    000000d0                                   : lowlev.obj (.data:$O1$$)
                  200005c0    00000030     msp432p4xx_driverlib.lib : gpio.o (.data:GPIO_PORT_TO_BASE)
                  200005f0    00000010     rtsv7M4_T_le_v4SPD16_eabi.lib : defs.obj (.data)
                  20000600    0000000c                                   : exit.obj (.data:$O1$$)
                  2000060c    0000000c                                   : memory.obj (.data:$O1$$)
                  20000618    00000008                                   : _lock.obj (.data:$O1$$)
                  20000620    00000008     main.obj (.data)
                  20000628    00000004     rtsv7M4_T_le_v4SPD16_eabi.lib : errno.obj (.data)
                  2000062c    00000004                                   : fopen.obj (.data)
                  20000630    00000004                                   : stkdepth_vars.obj (.data)
                  20000634    00000004     system_msp432p401r.obj (.data)

.bss       0    20000638    000001e8     UNINITIALIZED
                  20000638    00000120     rtsv7M4_T_le_v4SPD16_eabi.lib : trgmsg.obj (.bss:_CIOBUF_)
                  20000758    000000a0     (.common:__TI_tmpnams)
                  200007f8    00000010     (.common:receive_var)
                  20000808    00000010     (.common:receive_var_array)
                  20000818    00000008                                   : trgdrv.obj (.bss:parmbuf)

.stack     0    2000fe00    00000200     UNINITIALIZED
                  2000fe00    00000200     --HOLE--

MODULE SUMMARY

       Module                        code    ro data   rw data
       ------                        ----    -------   -------
    ./
       system_msp432p401r.obj        812     0         8      
       main.obj                      324     16        80     
       startup_msp432p401r_ccs.obj   14      228       0      
    +--+-----------------------------+-------+---------+---------+
       Total:                        1150    244       88     
                                                              
    /Applications/ti/ccsv7/tools/compiler/ti-cgt-arm_16.9.3.LTS/lib/rtsv7M4_T_le_v4SPD16_eabi.lib
       _printfi.obj                  4414    0         0      
       lowlev.obj                    780     0         416    
       memory.obj                    976     0         24     
       defs.obj                      0       0         832    
       trgdrv.obj                    804     0         16     
       trgmsg.obj                    104     0         576    
       ull_div_t2.obj                500     0         0      
       fopen.obj                     452     0         8      
       fd_add_t2.obj                 438     0         0      
       fd_div_t2.obj                 310     0         0      
       fputs.obj                     308     0         0      
       fd_cmp_t2.obj                 268     0         0      
       ctype.obj                     0       257       0      
       fd_mul_t2.obj                 252     0         0      
       s_scalbn.obj                  252     0         0      
       setvbuf.obj                   220     0         0      
       fflush.obj                    200     0         0      
       _io_perm.obj                  172     0         0      
       memcpy_t2.obj                 156     0         0      
       fclose.obj                    152     0         0      
       fputc.obj                     152     0         0      
       memset_t2.obj                 122     0         0      
       autoinit.obj                  112     0         0      
       printf.obj                    112     0         0      
       exit.obj                      84      0         24     
       copy_decompress_lzss.obj      104     0         0      
       fseek.obj                     100     0         0      
       s_frexp.obj                   100     0         0      
       boot.obj                      84      0         0      
       ltoa.obj                      84      0         0      
       atoi.obj                      76      0         0      
       cpy_tbl.obj                   76      0         0      
       fd_toi_t2.obj                 72      0         0      
       strncpy.obj                   54      0         0      
       i_tofd_t2.obj                 46      0         0      
       _lock.obj                     20      0         16     
       memchr.obj                    32      0         0      
       memccpy.obj                   28      0         0      
       args_main.obj                 24      0         0      
       strcmp.obj                    24      0         0      
       strchr.obj                    22      0         0      
       s_copysign.obj                20      0         0      
       strcpy.obj                    20      0         0      
       strlen.obj                    20      0         0      
       copy_decompress_none.obj      14      0         0      
       copy_zero_init.obj            12      0         0      
       errno.obj                     0       0         8      
       stkdepth_vars.obj             0       0         8      
       pre_init.obj                  4       0         0      
       mpu_init.obj                  2       0         0      
       startup.obj                   2       0         0      
    +--+-----------------------------+-------+---------+---------+
       Total:                        12380   257       1928   
                                                              
    /Applications/ti/msp432_driverlib_3_21_00_05/driverlib/MSP432P4xx/ccs/msp432p4xx_driverlib.lib
       cs.o                          676     0         0      
       spi.o                         378     0         0      
       interrupt.o                   172     64        0      
       gpio.o                        116     0         96     
       sysctl.o                      80      0         0      
       cpu.o                         24      0         0      
       wdt_a.o                       24      0         0      
    +--+-----------------------------+-------+---------+---------+
       Total:                        1470    64        96     
                                                              
       Heap:                         0       0         2048   
       Stack:                        0       0         1024   
       Linker Generated:             0       187       0      
    +--+-----------------------------+-------+---------+---------+
       Grand Total:                  15000   752       5184   


LINKER GENERATED COPY TABLES

__TI_cinit_table @ 00003d88 records: 2, size/record: 8, table size: 16
	.data: load addr=00003cd8, load size=00000097 bytes, run addr=20000400, run size=00000238 bytes, compression=lzss
	.bss: load addr=00003d80, load size=00000008 bytes, run addr=20000638, run size=000001e8 bytes, compression=zero_init


LINKER GENERATED HANDLER TABLE

__TI_handler_table @ 00003d70 records: 3, size/record: 4, table size: 12
	index: 0, handler: __TI_decompress_lzss
	index: 1, handler: __TI_decompress_none
	index: 2, handler: __TI_zero_init


GLOBAL SYMBOLS: SORTED ALPHABETICALLY BY Name 

address   name                                      
-------   ----                                      
00003b17  ADC14_IRQHandler                          
00003b17  AES256_IRQHandler                         
00003b17  BusFault_Handler                          
000035bd  C$$EXIT                                   
000033af  C$$IO$$                                   
00003b17  COMP_E0_IRQHandler                        
00003b17  COMP_E1_IRQHandler                        
00003b19  CPU_cpsid                                 
00003b25  CPU_cpsie                                 
00003b17  CS_IRQHandler                             
00002bb5  CS_initClockSignal                        
000038d1  CS_setDCOCenteredFrequency                
000024c1  CS_setDCOFrequency                        
00003515  CS_tuneDCOFrequency                       
00003b17  DMA_ERR_IRQHandler                        
00003b17  DMA_INT0_IRQHandler                       
00003b17  DMA_INT1_IRQHandler                       
00003b17  DMA_INT2_IRQHandler                       
00003b17  DMA_INT3_IRQHandler                       
00003b17  DebugMon_Handler                          
00003b17  Default_Handler                           
00003b17  EUSCIA0_IRQHandler                        
00003b17  EUSCIA1_IRQHandler                        
00003b17  EUSCIA2_IRQHandler                        
00003b17  EUSCIA3_IRQHandler                        
0000268d  EUSCIB0_IRQHandler                        
0000268d  EUSCIB0_IRQHandler                        
00003b17  EUSCIB1_IRQHandler                        
00003b17  EUSCIB2_IRQHandler                        
00003b17  EUSCIB3_IRQHandler                        
00003ae1  EUSCI_A_SPI_clearInterruptFlag            
00003b31  EUSCI_A_SPI_enable                        
00003b55  EUSCI_A_SPI_enableInterrupt               
00003b5d  EUSCI_A_SPI_getInterruptStatus            
00003b75  EUSCI_A_SPI_receiveData                   
00003aef  EUSCI_B_SPI_clearInterruptFlag            
00003b3d  EUSCI_B_SPI_enable                        
00003b65  EUSCI_B_SPI_enableInterrupt               
00003b6d  EUSCI_B_SPI_getInterruptStatus            
00003b7b  EUSCI_B_SPI_receiveData                   
00003b17  FLCTL_IRQHandler                          
00003b17  FPU_IRQHandler                            
000038a5  GPIO_setAsInputPin                        
0000374d  GPIO_setAsPeripheralModuleFunctionInputPin
00001bfb  HOSTclock                                 
00001bc3  HOSTclose                                 
00001b85  HOSTgetenv                                
00001b29  HOSTlseek                                 
00001ad7  HOSTopen                                  
00001a8b  HOSTread                                  
00001a2d  HOSTrename                                
000019f3  HOSTtime                                  
000019a5  HOSTtime64                                
0000196d  HOSTunlink                                
00001921  HOSTwrite                                 
00003b17  HardFault_Handler                         
00003ac1  Interrupt_disableMaster                   
00003a49  Interrupt_disableSleepOnIsrExit           
000033e9  Interrupt_enableInterrupt                 
00003ad1  Interrupt_enableMaster                    
00003a5d  Interrupt_enableSleepOnIsrExit            
00003b17  MemManage_Handler                         
00003b17  NMI_Handler                               
00003b17  PCM_IRQHandler                            
00003b17  PORT1_IRQHandler                          
00003b17  PORT2_IRQHandler                          
00003b17  PORT3_IRQHandler                          
00003b17  PORT4_IRQHandler                          
00003b17  PORT5_IRQHandler                          
00003b17  PORT6_IRQHandler                          
00003b17  PSS_IRQHandler                            
00003b17  PendSV_Handler                            
00003b17  RTC_C_IRQHandler                          
00003b0b  Reset_Handler                             
UNDEFED   SHT$$INIT_ARRAY$$Base                     
UNDEFED   SHT$$INIT_ARRAY$$Limit                    
00003919  SPI_clearInterruptFlag                    
00003939  SPI_enableInterrupt                       
000039b5  SPI_enableModule                          
000038f5  SPI_getEnabledInterruptStatus             
00003959  SPI_getInterruptStatus                    
00003813  SPI_initSlave                             
000039cf  SPI_receiveData                           
00003b17  SVC_Handler                               
00003665  SysCtl_getTLVInfo                         
00003b17  SysTick_Handler                           
20000634  SystemCoreClock                           
000015f5  SystemCoreClockUpdate                     
00001869  SystemInit                                
00003b17  T32_INT1_IRQHandler                       
00003b17  T32_INT2_IRQHandler                       
00003b17  T32_INTC_IRQHandler                       
00003b17  TA0_0_IRQHandler                          
00003b17  TA0_N_IRQHandler                          
00003b17  TA1_0_IRQHandler                          
00003b17  TA1_N_IRQHandler                          
00003b17  TA2_0_IRQHandler                          
00003b17  TA2_N_IRQHandler                          
00003b17  TA3_0_IRQHandler                          
00003b17  TA3_N_IRQHandler                          
00003b17  UsageFault_Handler                        
4000480c  WDTCTL_SYM                                
00003b17  WDT_A_IRQHandler                          
000039e9  WDT_A_holdTimer                           
20000638  __CIOBUF_                                 
20010000  __STACK_END                               
00000200  __STACK_SIZE                              
00000400  __SYSMEM_SIZE                             
00003d88  __TI_CINIT_Base                           
00003d98  __TI_CINIT_Limit                          
00003d70  __TI_Handler_Table_Base                   
00003d7c  __TI_Handler_Table_Limit                  
00003239  __TI_auto_init                            
0000220d  __TI_cleanup                              
20000600  __TI_cleanup_ptr                          
00002f81  __TI_closefile                            
00003319  __TI_decompress_lzss                      
00003afd  __TI_decompress_none                      
00002d71  __TI_doflush                              
20000604  __TI_dtors_ptr                            
20000608  __TI_enable_exit_profile_output           
200005f0  __TI_ft_end                               
ffffffff  __TI_pprof_out_hndl                       
00000929  __TI_printfi                              
ffffffff  __TI_prof_data_size                       
ffffffff  __TI_prof_data_start                      
00002e9b  __TI_rd_ok                                
000033b3  __TI_readmsg                              
00000000  __TI_static_base__                        
20000758  __TI_tmpnams                              
00003381  __TI_writemsg                             
00002e39  __TI_wrt_ok                               
00003b49  __TI_zero_init                            
000030b1  __aeabi_cdcmpeq                           
000030b1  __aeabi_cdcmple                           
00003137  __aeabi_cdrcmple                          
00003795  __aeabi_d2iz                              
00002313  __aeabi_dadd                              
00002751  __aeabi_ddiv                              
000029bd  __aeabi_dmul                              
00002309  __aeabi_dsub                              
00003875  __aeabi_i2d                               
000031bd  __aeabi_memclr                            
000031bd  __aeabi_memclr4                           
000031bd  __aeabi_memclr8                           
00002ee5  __aeabi_memcpy                            
00002ee5  __aeabi_memcpy4                           
00002ee5  __aeabi_memcpy8                           
000031bf  __aeabi_memset                            
000031bf  __aeabi_memset4                           
000031bf  __aeabi_memset8                           
200005fc  __aeabi_stderr                            
200005f4  __aeabi_stdin                             
200005f8  __aeabi_stdout                            
00001f51  __aeabi_uldivmod                          
ffffffff  __binit__                                 
ffffffff  __c_args__                                
00001223  __mpu_init                                
2000fe00  __stack                                   
00003a01  _args_main                                
00003569  _c_int00                                  
00003b84  _ctypes_                                  
20000400  _ftable                                   
20000618  _lock                                     
00003a7f  _nop                                      
00003a77  _register_lock                            
00003a71  _register_unlock                          
20000000  _sys_memory                               
000024bf  _system_post_cinit                        
00003b81  _system_pre_init                          
2000061c  _unlock                                   
000035c1  abort                                     
00001ea5  add_device                                
000036b5  atoi                                      
ffffffff  binit                                     
000015c5  calloc                                    
00001e55  close                                     
00003701  copy_in                                   
00003a85  copysign                                  
00003a85  copysignl                                 
20000628  errno                                     
000035c9  exit                                      
00002fe7  fclose                                    
00002dbd  fflush                                    
00002263  fopen                                     
00003019  fputc                                     
00002889  fputs                                     
0000130f  free                                      
00002239  freopen                                   
000034b1  frexp                                     
000034b1  frexpl                                    
0000344d  fseek                                     
00000000  interruptVectors                          
00002ab9  ldexp                                     
00002ab9  ldexpl                                    
00001e31  lseek                                     
00003611  ltoa                                      
0000260d  main                                      
20000630  main_func_sp                              
000012a5  malloc                                    
000014d9  memalign                                  
00003999  memccpy                                   
00003979  memchr                                    
00002ee5  memcpy                                    
000031c5  memset                                    
00001225  minit                                     
00001d83  open                                      
000032b1  printf                                    
00003019  putc                                      
0000309d  putchar                                   
00002995  puts                                      
00001d5f  read                                      
000013d1  realloc                                   
20000624  receive_array_index                       
20000620  receive_index                             
200007f8  receive_var                               
20000808  receive_var_array                         
00001cd5  remove                                    
00001d37  remove_device                             
00001cf9  rename                                    
00002ab9  scalbn                                    
00002ab9  scalbnl                                   
00002c95  setvbuf                                   
00003cc8  slaveConfig                               
00003a31  strchr                                    
00003a19  strcmp                                    
00003a99  strcpy                                    
00003aad  strlen                                    
000037dd  strncpy                                   
00001cd5  unlink                                    
00001c45  write                                     


GLOBAL SYMBOLS: SORTED BY Symbol Address 

address   name                                      
-------   ----                                      
00000000  __TI_static_base__                        
00000000  interruptVectors                          
00000200  __STACK_SIZE                              
00000400  __SYSMEM_SIZE                             
00000929  __TI_printfi                              
00001223  __mpu_init                                
00001225  minit                                     
000012a5  malloc                                    
0000130f  free                                      
000013d1  realloc                                   
000014d9  memalign                                  
000015c5  calloc                                    
000015f5  SystemCoreClockUpdate                     
00001869  SystemInit                                
00001921  HOSTwrite                                 
0000196d  HOSTunlink                                
000019a5  HOSTtime64                                
000019f3  HOSTtime                                  
00001a2d  HOSTrename                                
00001a8b  HOSTread                                  
00001ad7  HOSTopen                                  
00001b29  HOSTlseek                                 
00001b85  HOSTgetenv                                
00001bc3  HOSTclose                                 
00001bfb  HOSTclock                                 
00001c45  write                                     
00001cd5  remove                                    
00001cd5  unlink                                    
00001cf9  rename                                    
00001d37  remove_device                             
00001d5f  read                                      
00001d83  open                                      
00001e31  lseek                                     
00001e55  close                                     
00001ea5  add_device                                
00001f51  __aeabi_uldivmod                          
0000220d  __TI_cleanup                              
00002239  freopen                                   
00002263  fopen                                     
00002309  __aeabi_dsub                              
00002313  __aeabi_dadd                              
000024bf  _system_post_cinit                        
000024c1  CS_setDCOFrequency                        
0000260d  main                                      
0000268d  EUSCIB0_IRQHandler                        
0000268d  EUSCIB0_IRQHandler                        
00002751  __aeabi_ddiv                              
00002889  fputs                                     
00002995  puts                                      
000029bd  __aeabi_dmul                              
00002ab9  ldexp                                     
00002ab9  ldexpl                                    
00002ab9  scalbn                                    
00002ab9  scalbnl                                   
00002bb5  CS_initClockSignal                        
00002c95  setvbuf                                   
00002d71  __TI_doflush                              
00002dbd  fflush                                    
00002e39  __TI_wrt_ok                               
00002e9b  __TI_rd_ok                                
00002ee5  __aeabi_memcpy                            
00002ee5  __aeabi_memcpy4                           
00002ee5  __aeabi_memcpy8                           
00002ee5  memcpy                                    
00002f81  __TI_closefile                            
00002fe7  fclose                                    
00003019  fputc                                     
00003019  putc                                      
0000309d  putchar                                   
000030b1  __aeabi_cdcmpeq                           
000030b1  __aeabi_cdcmple                           
00003137  __aeabi_cdrcmple                          
000031bd  __aeabi_memclr                            
000031bd  __aeabi_memclr4                           
000031bd  __aeabi_memclr8                           
000031bf  __aeabi_memset                            
000031bf  __aeabi_memset4                           
000031bf  __aeabi_memset8                           
000031c5  memset                                    
00003239  __TI_auto_init                            
000032b1  printf                                    
00003319  __TI_decompress_lzss                      
00003381  __TI_writemsg                             
000033af  C$$IO$$                                   
000033b3  __TI_readmsg                              
000033e9  Interrupt_enableInterrupt                 
0000344d  fseek                                     
000034b1  frexp                                     
000034b1  frexpl                                    
00003515  CS_tuneDCOFrequency                       
00003569  _c_int00                                  
000035bd  C$$EXIT                                   
000035c1  abort                                     
000035c9  exit                                      
00003611  ltoa                                      
00003665  SysCtl_getTLVInfo                         
000036b5  atoi                                      
00003701  copy_in                                   
0000374d  GPIO_setAsPeripheralModuleFunctionInputPin
00003795  __aeabi_d2iz                              
000037dd  strncpy                                   
00003813  SPI_initSlave                             
00003875  __aeabi_i2d                               
000038a5  GPIO_setAsInputPin                        
000038d1  CS_setDCOCenteredFrequency                
000038f5  SPI_getEnabledInterruptStatus             
00003919  SPI_clearInterruptFlag                    
00003939  SPI_enableInterrupt                       
00003959  SPI_getInterruptStatus                    
00003979  memchr                                    
00003999  memccpy                                   
000039b5  SPI_enableModule                          
000039cf  SPI_receiveData                           
000039e9  WDT_A_holdTimer                           
00003a01  _args_main                                
00003a19  strcmp                                    
00003a31  strchr                                    
00003a49  Interrupt_disableSleepOnIsrExit           
00003a5d  Interrupt_enableSleepOnIsrExit            
00003a71  _register_unlock                          
00003a77  _register_lock                            
00003a7f  _nop                                      
00003a85  copysign                                  
00003a85  copysignl                                 
00003a99  strcpy                                    
00003aad  strlen                                    
00003ac1  Interrupt_disableMaster                   
00003ad1  Interrupt_enableMaster                    
00003ae1  EUSCI_A_SPI_clearInterruptFlag            
00003aef  EUSCI_B_SPI_clearInterruptFlag            
00003afd  __TI_decompress_none                      
00003b0b  Reset_Handler                             
00003b17  ADC14_IRQHandler                          
00003b17  AES256_IRQHandler                         
00003b17  BusFault_Handler                          
00003b17  COMP_E0_IRQHandler                        
00003b17  COMP_E1_IRQHandler                        
00003b17  CS_IRQHandler                             
00003b17  DMA_ERR_IRQHandler                        
00003b17  DMA_INT0_IRQHandler                       
00003b17  DMA_INT1_IRQHandler                       
00003b17  DMA_INT2_IRQHandler                       
00003b17  DMA_INT3_IRQHandler                       
00003b17  DebugMon_Handler                          
00003b17  Default_Handler                           
00003b17  EUSCIA0_IRQHandler                        
00003b17  EUSCIA1_IRQHandler                        
00003b17  EUSCIA2_IRQHandler                        
00003b17  EUSCIA3_IRQHandler                        
00003b17  EUSCIB1_IRQHandler                        
00003b17  EUSCIB2_IRQHandler                        
00003b17  EUSCIB3_IRQHandler                        
00003b17  FLCTL_IRQHandler                          
00003b17  FPU_IRQHandler                            
00003b17  HardFault_Handler                         
00003b17  MemManage_Handler                         
00003b17  NMI_Handler                               
00003b17  PCM_IRQHandler                            
00003b17  PORT1_IRQHandler                          
00003b17  PORT2_IRQHandler                          
00003b17  PORT3_IRQHandler                          
00003b17  PORT4_IRQHandler                          
00003b17  PORT5_IRQHandler                          
00003b17  PORT6_IRQHandler                          
00003b17  PSS_IRQHandler                            
00003b17  PendSV_Handler                            
00003b17  RTC_C_IRQHandler                          
00003b17  SVC_Handler                               
00003b17  SysTick_Handler                           
00003b17  T32_INT1_IRQHandler                       
00003b17  T32_INT2_IRQHandler                       
00003b17  T32_INTC_IRQHandler                       
00003b17  TA0_0_IRQHandler                          
00003b17  TA0_N_IRQHandler                          
00003b17  TA1_0_IRQHandler                          
00003b17  TA1_N_IRQHandler                          
00003b17  TA2_0_IRQHandler                          
00003b17  TA2_N_IRQHandler                          
00003b17  TA3_0_IRQHandler                          
00003b17  TA3_N_IRQHandler                          
00003b17  UsageFault_Handler                        
00003b17  WDT_A_IRQHandler                          
00003b19  CPU_cpsid                                 
00003b25  CPU_cpsie                                 
00003b31  EUSCI_A_SPI_enable                        
00003b3d  EUSCI_B_SPI_enable                        
00003b49  __TI_zero_init                            
00003b55  EUSCI_A_SPI_enableInterrupt               
00003b5d  EUSCI_A_SPI_getInterruptStatus            
00003b65  EUSCI_B_SPI_enableInterrupt               
00003b6d  EUSCI_B_SPI_getInterruptStatus            
00003b75  EUSCI_A_SPI_receiveData                   
00003b7b  EUSCI_B_SPI_receiveData                   
00003b81  _system_pre_init                          
00003b84  _ctypes_                                  
00003cc8  slaveConfig                               
00003d70  __TI_Handler_Table_Base                   
00003d7c  __TI_Handler_Table_Limit                  
00003d88  __TI_CINIT_Base                           
00003d98  __TI_CINIT_Limit                          
20000000  _sys_memory                               
20000400  _ftable                                   
200005f0  __TI_ft_end                               
200005f4  __aeabi_stdin                             
200005f8  __aeabi_stdout                            
200005fc  __aeabi_stderr                            
20000600  __TI_cleanup_ptr                          
20000604  __TI_dtors_ptr                            
20000608  __TI_enable_exit_profile_output           
20000618  _lock                                     
2000061c  _unlock                                   
20000620  receive_index                             
20000624  receive_array_index                       
20000628  errno                                     
20000630  main_func_sp                              
20000634  SystemCoreClock                           
20000638  __CIOBUF_                                 
20000758  __TI_tmpnams                              
200007f8  receive_var                               
20000808  receive_var_array                         
2000fe00  __stack                                   
20010000  __STACK_END                               
4000480c  WDTCTL_SYM                                
ffffffff  __TI_pprof_out_hndl                       
ffffffff  __TI_prof_data_size                       
ffffffff  __TI_prof_data_start                      
ffffffff  __binit__                                 
ffffffff  __c_args__                                
ffffffff  binit                                     
UNDEFED   SHT$$INIT_ARRAY$$Base                     
UNDEFED   SHT$$INIT_ARRAY$$Limit                    

[231 symbols]
